<?xml version="1.0" encoding="UTF-8" standalone="no"?>
<Results>
    <Row>
        <tcb_name>ACB, Inc.</tcb_name>
        <tcb_login>US0101</tcb_login>
        <approved_scope>A1</approved_scope>
        <address>6731 Whittier Avenue       Suite C110</address>
        <city>McLean</city>
        <state>Virginia</state>
        <country>United States</country>
        <zip_code>22101</zip_code>
        <contact_information>Mike Violette 703-847-4700 hotline@acbcert.com</contact_information>
    </Row>
    <Row>
        <tcb_name>ACB, Inc.</tcb_name>
        <tcb_login>US0101</tcb_login>
        <approved_scope>A2</approved_scope>
        <address>6731 Whittier Avenue       Suite C110</address>
        <city>McLean</city>
        <state>Virginia</state>
        <country>United States</country>
        <zip_code>22101</zip_code>
        <contact_information>Mike Violette 703-847-4700 hotline@acbcert.com</contact_information>
    </Row>
    <Row>
        <tcb_name>ACB, Inc.</tcb_name>
        <tcb_login>US0101</tcb_login>
        <approved_scope>A3</approved_scope>
        <address>6731 Whittier Avenue       Suite C110</address>
        <city>McLean</city>
        <state>Virginia</state>
        <country>United States</country>
        <zip_code>22101</zip_code>
        <contact_information>Mike Violette 703-847-4700 hotline@acbcert.com</contact_information>
    </Row>
    <Row>
        <tcb_name>ACB, Inc.</tcb_name>
        <tcb_login>US0101</tcb_login>
        <approved_scope>A4</approved_scope>
        <address>6731 Whittier Avenue       Suite C110</address>
        <city>McLean</city>
        <state>Virginia</state>
        <country>United States</country>
        <zip_code>22101</zip_code>
        <contact_information>Mike Violette 703-847-4700 hotline@acbcert.com</contact_information>
    </Row>
    <Row>
        <tcb_name>ACB, Inc.</tcb_name>
        <tcb_login>US0101</tcb_login>
        <approved_scope>B1</approved_scope>
        <address>6731 Whittier Avenue       Suite C110</address>
        <city>McLean</city>
        <state>Virginia</state>
        <country>United States</country>
        <zip_code>22101</zip_code>
        <contact_information>Mike Violette 703-847-4700 hotline@acbcert.com</contact_information>
    </Row>
    <Row>
        <tcb_name>ACB, Inc.</tcb_name>
        <tcb_login>US0101</tcb_login>
        <approved_scope>B2</approved_scope>
        <address>6731 Whittier Avenue       Suite C110</address>
        <city>McLean</city>
        <state>Virginia</state>
        <country>United States</country>
        <zip_code>22101</zip_code>
        <contact_information>Mike Violette 703-847-4700 hotline@acbcert.com</contact_information>
    </Row>
    <Row>
        <tcb_name>ACB, Inc.</tcb_name>
        <tcb_login>US0101</tcb_login>
        <approved_scope>B3</approved_scope>
        <address>6731 Whittier Avenue       Suite C110</address>
        <city>McLean</city>
        <state>Virginia</state>
        <country>United States</country>
        <zip_code>22101</zip_code>
        <contact_information>Mike Violette 703-847-4700 hotline@acbcert.com</contact_information>
    </Row>
    <Row>
        <tcb_name>ACB, Inc.</tcb_name>
        <tcb_login>US0101</tcb_login>
        <approved_scope>B4</approved_scope>
        <address>6731 Whittier Avenue       Suite C110</address>
        <city>McLean</city>
        <state>Virginia</state>
        <country>United States</country>
        <zip_code>22101</zip_code>
        <contact_information>Mike Violette 703-847-4700 hotline@acbcert.com</contact_information>
    </Row>
    <Row>
        <tcb_name>Bay Area Compliance Laboratory Corp.</tcb_name>
        <tcb_login>US0057</tcb_login>
        <approved_scope>A1</approved_scope>
        <address>1274 Anvilwood Avenue</address>
        <city>Sunnyvale</city>
        <state>California</state>
        <country>United States</country>
        <zip_code>94089</zip_code>
        <contact_information>Lisa Tang 408-732-9162 bacl.regulatory@baclcorp.com</contact_information>
    </Row>
    <Row>
        <tcb_name>Bay Area Compliance Laboratory Corp.</tcb_name>
        <tcb_login>US0057</tcb_login>
        <approved_scope>A2</approved_scope>
        <address>1274 Anvilwood Avenue</address>
        <city>Sunnyvale</city>
        <state>California</state>
        <country>United States</country>
        <zip_code>94089</zip_code>
        <contact_information>Lisa Tang 408-732-9162 bacl.regulatory@baclcorp.com</contact_information>
    </Row>
    <Row>
        <tcb_name>Bay Area Compliance Laboratory Corp.</tcb_name>
        <tcb_login>US0057</tcb_login>
        <approved_scope>A3</approved_scope>
        <address>1274 Anvilwood Avenue</address>
        <city>Sunnyvale</city>
        <state>California</state>
        <country>United States</country>
        <zip_code>94089</zip_code>
        <contact_information>Lisa Tang 408-732-9162 bacl.regulatory@baclcorp.com</contact_information>
    </Row>
    <Row>
        <tcb_name>Bay Area Compliance Laboratory Corp.</tcb_name>
        <tcb_login>US0057</tcb_login>
        <approved_scope>A4</approved_scope>
        <address>1274 Anvilwood Avenue</address>
        <city>Sunnyvale</city>
        <state>California</state>
        <country>United States</country>
        <zip_code>94089</zip_code>
        <contact_information>Lisa Tang 408-732-9162 bacl.regulatory@baclcorp.com</contact_information>
    </Row>
    <Row>
        <tcb_name>Bay Area Compliance Laboratory Corp.</tcb_name>
        <tcb_login>US0057</tcb_login>
        <approved_scope>B1</approved_scope>
        <address>1274 Anvilwood Avenue</address>
        <city>Sunnyvale</city>
        <state>California</state>
        <country>United States</country>
        <zip_code>94089</zip_code>
        <contact_information>Lisa Tang 408-732-9162 bacl.regulatory@baclcorp.com</contact_information>
    </Row>
    <Row>
        <tcb_name>Bay Area Compliance Laboratory Corp.</tcb_name>
        <tcb_login>US0057</tcb_login>
        <approved_scope>B2</approved_scope>
        <address>1274 Anvilwood Avenue</address>
        <city>Sunnyvale</city>
        <state>California</state>
        <country>United States</country>
        <zip_code>94089</zip_code>
        <contact_information>Lisa Tang 408-732-9162 bacl.regulatory@baclcorp.com</contact_information>
    </Row>
    <Row>
        <tcb_name>Bay Area Compliance Laboratory Corp.</tcb_name>
        <tcb_login>US0057</tcb_login>
        <approved_scope>B3</approved_scope>
        <address>1274 Anvilwood Avenue</address>
        <city>Sunnyvale</city>
        <state>California</state>
        <country>United States</country>
        <zip_code>94089</zip_code>
        <contact_information>Lisa Tang 408-732-9162 bacl.regulatory@baclcorp.com</contact_information>
    </Row>
    <Row>
        <tcb_name>Bay Area Compliance Laboratory Corp.</tcb_name>
        <tcb_login>US0057</tcb_login>
        <approved_scope>B4</approved_scope>
        <address>1274 Anvilwood Avenue</address>
        <city>Sunnyvale</city>
        <state>California</state>
        <country>United States</country>
        <zip_code>94089</zip_code>
        <contact_information>Lisa Tang 408-732-9162 bacl.regulatory@baclcorp.com</contact_information>
    </Row>
    <Row>
        <tcb_name>Bureau Veritas Consumer Products Services, Inc.</tcb_name>
        <tcb_login>US0160</tcb_login>
        <approved_scope>A1</approved_scope>
        <address>775 Montague Expressway</address>
        <city>Milpitas</city>
        <state>California</state>
        <country>United States</country>
        <zip_code>95035</zip_code>
        <contact_information>Leslie Bai 408-526-1188 Leslie.Bai@us.bureauveritas.com</contact_information>
    </Row>
    <Row>
        <tcb_name>Bureau Veritas Consumer Products Services, Inc.</tcb_name>
        <tcb_login>US0160</tcb_login>
        <approved_scope>A2</approved_scope>
        <address>775 Montague Expressway</address>
        <city>Milpitas</city>
        <state>California</state>
        <country>United States</country>
        <zip_code>95035</zip_code>
        <contact_information>Leslie Bai 408-526-1188 Leslie.Bai@us.bureauveritas.com</contact_information>
    </Row>
    <Row>
        <tcb_name>Bureau Veritas Consumer Products Services, Inc.</tcb_name>
        <tcb_login>US0160</tcb_login>
        <approved_scope>A3</approved_scope>
        <address>775 Montague Expressway</address>
        <city>Milpitas</city>
        <state>California</state>
        <country>United States</country>
        <zip_code>95035</zip_code>
        <contact_information>Leslie Bai 408-526-1188 Leslie.Bai@us.bureauveritas.com</contact_information>
    </Row>
    <Row>
        <tcb_name>Bureau Veritas Consumer Products Services, Inc.</tcb_name>
        <tcb_login>US0160</tcb_login>
        <approved_scope>A4</approved_scope>
        <address>775 Montague Expressway</address>
        <city>Milpitas</city>
        <state>California</state>
        <country>United States</country>
        <zip_code>95035</zip_code>
        <contact_information>Leslie Bai 408-526-1188 Leslie.Bai@us.bureauveritas.com</contact_information>
    </Row>
    <Row>
        <tcb_name>Bureau Veritas Consumer Products Services, Inc.</tcb_name>
        <tcb_login>US0160</tcb_login>
        <approved_scope>B1</approved_scope>
        <address>775 Montague Expressway</address>
        <city>Milpitas</city>
        <state>California</state>
        <country>United States</country>
        <zip_code>95035</zip_code>
        <contact_information>Leslie Bai 408-526-1188 Leslie.Bai@us.bureauveritas.com</contact_information>
    </Row>
    <Row>
        <tcb_name>Bureau Veritas Consumer Products Services, Inc.</tcb_name>
        <tcb_login>US0160</tcb_login>
        <approved_scope>B2</approved_scope>
        <address>775 Montague Expressway</address>
        <city>Milpitas</city>
        <state>California</state>
        <country>United States</country>
        <zip_code>95035</zip_code>
        <contact_information>Leslie Bai 408-526-1188 Leslie.Bai@us.bureauveritas.com</contact_information>
    </Row>
    <Row>
        <tcb_name>Bureau Veritas Consumer Products Services, Inc.</tcb_name>
        <tcb_login>US0160</tcb_login>
        <approved_scope>B3</approved_scope>
        <address>775 Montague Expressway</address>
        <city>Milpitas</city>
        <state>California</state>
        <country>United States</country>
        <zip_code>95035</zip_code>
        <contact_information>Leslie Bai 408-526-1188 Leslie.Bai@us.bureauveritas.com</contact_information>
    </Row>
    <Row>
        <tcb_name>Bureau Veritas Consumer Products Services, Inc.</tcb_name>
        <tcb_login>US0160</tcb_login>
        <approved_scope>B4</approved_scope>
        <address>775 Montague Expressway</address>
        <city>Milpitas</city>
        <state>California</state>
        <country>United States</country>
        <zip_code>95035</zip_code>
        <contact_information>Leslie Bai 408-526-1188 Leslie.Bai@us.bureauveritas.com</contact_information>
    </Row>
    <Row>
        <tcb_name>Bureau Veritas Consumer Products Services, Inc.</tcb_name>
        <tcb_login>US0106</tcb_login>
        <approved_scope>A1</approved_scope>
        <address>One Distribution Center Circle       Suite #1</address>
        <city>Littleton</city>
        <state>Massachusetts</state>
        <country>United States</country>
        <zip_code>01460</zip_code>
        <contact_information>Scott Lambert 978-486-8880 tcb@us.bureauveritas.com</contact_information>
    </Row>
    <Row>
        <tcb_name>Bureau Veritas Consumer Products Services, Inc.</tcb_name>
        <tcb_login>US0106</tcb_login>
        <approved_scope>A2</approved_scope>
        <address>One Distribution Center Circle       Suite #1</address>
        <city>Littleton</city>
        <state>Massachusetts</state>
        <country>United States</country>
        <zip_code>01460</zip_code>
        <contact_information>Scott Lambert 978-486-8880 tcb@us.bureauveritas.com</contact_information>
    </Row>
    <Row>
        <tcb_name>Bureau Veritas Consumer Products Services, Inc.</tcb_name>
        <tcb_login>US0106</tcb_login>
        <approved_scope>A3</approved_scope>
        <address>One Distribution Center Circle       Suite #1</address>
        <city>Littleton</city>
        <state>Massachusetts</state>
        <country>United States</country>
        <zip_code>01460</zip_code>
        <contact_information>Scott Lambert 978-486-8880 tcb@us.bureauveritas.com</contact_information>
    </Row>
    <Row>
        <tcb_name>Bureau Veritas Consumer Products Services, Inc.</tcb_name>
        <tcb_login>US0106</tcb_login>
        <approved_scope>A4</approved_scope>
        <address>One Distribution Center Circle       Suite #1</address>
        <city>Littleton</city>
        <state>Massachusetts</state>
        <country>United States</country>
        <zip_code>01460</zip_code>
        <contact_information>Scott Lambert 978-486-8880 tcb@us.bureauveritas.com</contact_information>
    </Row>
    <Row>
        <tcb_name>Bureau Veritas Consumer Products Services, Inc.</tcb_name>
        <tcb_login>US0106</tcb_login>
        <approved_scope>B1</approved_scope>
        <address>One Distribution Center Circle       Suite #1</address>
        <city>Littleton</city>
        <state>Massachusetts</state>
        <country>United States</country>
        <zip_code>01460</zip_code>
        <contact_information>Scott Lambert 978-486-8880 tcb@us.bureauveritas.com</contact_information>
    </Row>
    <Row>
        <tcb_name>Bureau Veritas Consumer Products Services, Inc.</tcb_name>
        <tcb_login>US0106</tcb_login>
        <approved_scope>B2</approved_scope>
        <address>One Distribution Center Circle       Suite #1</address>
        <city>Littleton</city>
        <state>Massachusetts</state>
        <country>United States</country>
        <zip_code>01460</zip_code>
        <contact_information>Scott Lambert 978-486-8880 tcb@us.bureauveritas.com</contact_information>
    </Row>
    <Row>
        <tcb_name>Bureau Veritas Consumer Products Services, Inc.</tcb_name>
        <tcb_login>US0106</tcb_login>
        <approved_scope>B3</approved_scope>
        <address>One Distribution Center Circle       Suite #1</address>
        <city>Littleton</city>
        <state>Massachusetts</state>
        <country>United States</country>
        <zip_code>01460</zip_code>
        <contact_information>Scott Lambert 978-486-8880 tcb@us.bureauveritas.com</contact_information>
    </Row>
    <Row>
        <tcb_name>Bureau Veritas Consumer Products Services, Inc.</tcb_name>
        <tcb_login>US0106</tcb_login>
        <approved_scope>B4</approved_scope>
        <address>One Distribution Center Circle       Suite #1</address>
        <city>Littleton</city>
        <state>Massachusetts</state>
        <country>United States</country>
        <zip_code>01460</zip_code>
        <contact_information>Scott Lambert 978-486-8880 tcb@us.bureauveritas.com</contact_information>
    </Row>
    <Row>
        <tcb_name>CETECOM GmbH</tcb_name>
        <tcb_login>DE0002</tcb_login>
        <approved_scope>A1</approved_scope>
        <address>Im Teelbruch 116</address>
        <city>45219 Essen</city>
        <state>N/A</state>
        <country>Germany</country>
        <zip_code>N/A</zip_code>
        <contact_information>Francis Lima 49-2054-9519-404 francis.lima@cetecom.com</contact_information>
    </Row>
    <Row>
        <tcb_name>CETECOM GmbH</tcb_name>
        <tcb_login>DE0002</tcb_login>
        <approved_scope>A2</approved_scope>
        <address>Im Teelbruch 116</address>
        <city>45219 Essen</city>
        <state>N/A</state>
        <country>Germany</country>
        <zip_code>N/A</zip_code>
        <contact_information>Francis Lima 49-2054-9519-404 francis.lima@cetecom.com</contact_information>
    </Row>
    <Row>
        <tcb_name>CETECOM GmbH</tcb_name>
        <tcb_login>DE0002</tcb_login>
        <approved_scope>A3</approved_scope>
        <address>Im Teelbruch 116</address>
        <city>45219 Essen</city>
        <state>N/A</state>
        <country>Germany</country>
        <zip_code>N/A</zip_code>
        <contact_information>Francis Lima 49-2054-9519-404 francis.lima@cetecom.com</contact_information>
    </Row>
    <Row>
        <tcb_name>CETECOM GmbH</tcb_name>
        <tcb_login>DE0002</tcb_login>
        <approved_scope>A4</approved_scope>
        <address>Im Teelbruch 116</address>
        <city>45219 Essen</city>
        <state>N/A</state>
        <country>Germany</country>
        <zip_code>N/A</zip_code>
        <contact_information>Francis Lima 49-2054-9519-404 francis.lima@cetecom.com</contact_information>
    </Row>
    <Row>
        <tcb_name>CETECOM GmbH</tcb_name>
        <tcb_login>DE0002</tcb_login>
        <approved_scope>B1</approved_scope>
        <address>Im Teelbruch 116</address>
        <city>45219 Essen</city>
        <state>N/A</state>
        <country>Germany</country>
        <zip_code>N/A</zip_code>
        <contact_information>Francis Lima 49-2054-9519-404 francis.lima@cetecom.com</contact_information>
    </Row>
    <Row>
        <tcb_name>CETECOM GmbH</tcb_name>
        <tcb_login>DE0002</tcb_login>
        <approved_scope>B2</approved_scope>
        <address>Im Teelbruch 116</address>
        <city>45219 Essen</city>
        <state>N/A</state>
        <country>Germany</country>
        <zip_code>N/A</zip_code>
        <contact_information>Francis Lima 49-2054-9519-404 francis.lima@cetecom.com</contact_information>
    </Row>
    <Row>
        <tcb_name>CETECOM GmbH</tcb_name>
        <tcb_login>DE0002</tcb_login>
        <approved_scope>B3</approved_scope>
        <address>Im Teelbruch 116</address>
        <city>45219 Essen</city>
        <state>N/A</state>
        <country>Germany</country>
        <zip_code>N/A</zip_code>
        <contact_information>Francis Lima 49-2054-9519-404 francis.lima@cetecom.com</contact_information>
    </Row>
    <Row>
        <tcb_name>CETECOM GmbH</tcb_name>
        <tcb_login>DE0002</tcb_login>
        <approved_scope>B4</approved_scope>
        <address>Im Teelbruch 116</address>
        <city>45219 Essen</city>
        <state>N/A</state>
        <country>Germany</country>
        <zip_code>N/A</zip_code>
        <contact_information>Francis Lima 49-2054-9519-404 francis.lima@cetecom.com</contact_information>
    </Row>
    <Row>
        <tcb_name>CETECOM Inc.</tcb_name>
        <tcb_login>US0187</tcb_login>
        <approved_scope>A1</approved_scope>
        <address>411 Dixon Landing Road</address>
        <city>Milpitas</city>
        <state>California</state>
        <country>United States</country>
        <zip_code>95035</zip_code>
        <contact_information>Franz Engert 408 586 6205 Franz.Engert@cetecom.com</contact_information>
    </Row>
    <Row>
        <tcb_name>CETECOM Inc.</tcb_name>
        <tcb_login>US0187</tcb_login>
        <approved_scope>A2</approved_scope>
        <address>411 Dixon Landing Road</address>
        <city>Milpitas</city>
        <state>California</state>
        <country>United States</country>
        <zip_code>95035</zip_code>
        <contact_information>Franz Engert 408 586 6205 Franz.Engert@cetecom.com</contact_information>
    </Row>
    <Row>
        <tcb_name>CETECOM Inc.</tcb_name>
        <tcb_login>US0187</tcb_login>
        <approved_scope>A4</approved_scope>
        <address>411 Dixon Landing Road</address>
        <city>Milpitas</city>
        <state>California</state>
        <country>United States</country>
        <zip_code>95035</zip_code>
        <contact_information>Franz Engert 408 586 6205 Franz.Engert@cetecom.com</contact_information>
    </Row>
    <Row>
        <tcb_name>CETECOM Inc.</tcb_name>
        <tcb_login>US0187</tcb_login>
        <approved_scope>B1</approved_scope>
        <address>411 Dixon Landing Road</address>
        <city>Milpitas</city>
        <state>California</state>
        <country>United States</country>
        <zip_code>95035</zip_code>
        <contact_information>Franz Engert 408 586 6205 Franz.Engert@cetecom.com</contact_information>
    </Row>
    <Row>
        <tcb_name>CETECOM Inc.</tcb_name>
        <tcb_login>US0187</tcb_login>
        <approved_scope>B2</approved_scope>
        <address>411 Dixon Landing Road</address>
        <city>Milpitas</city>
        <state>California</state>
        <country>United States</country>
        <zip_code>95035</zip_code>
        <contact_information>Franz Engert 408 586 6205 Franz.Engert@cetecom.com</contact_information>
    </Row>
    <Row>
        <tcb_name>CKC Certification Services, LLC</tcb_name>
        <tcb_login>US0103</tcb_login>
        <approved_scope>A1</approved_scope>
        <address>5046 Sierra Pines</address>
        <city>Mariposa</city>
        <state>California</state>
        <country>United States</country>
        <zip_code>95338</zip_code>
        <contact_information>Steve Behm 209-966-5240 steve.behm@ckc.com</contact_information>
    </Row>
    <Row>
        <tcb_name>CKC Certification Services, LLC</tcb_name>
        <tcb_login>US0103</tcb_login>
        <approved_scope>A2</approved_scope>
        <address>5046 Sierra Pines</address>
        <city>Mariposa</city>
        <state>California</state>
        <country>United States</country>
        <zip_code>95338</zip_code>
        <contact_information>Steve Behm 209-966-5240 steve.behm@ckc.com</contact_information>
    </Row>
    <Row>
        <tcb_name>CKC Certification Services, LLC</tcb_name>
        <tcb_login>US0103</tcb_login>
        <approved_scope>A3</approved_scope>
        <address>5046 Sierra Pines</address>
        <city>Mariposa</city>
        <state>California</state>
        <country>United States</country>
        <zip_code>95338</zip_code>
        <contact_information>Steve Behm 209-966-5240 steve.behm@ckc.com</contact_information>
    </Row>
    <Row>
        <tcb_name>CKC Certification Services, LLC</tcb_name>
        <tcb_login>US0103</tcb_login>
        <approved_scope>A4</approved_scope>
        <address>5046 Sierra Pines</address>
        <city>Mariposa</city>
        <state>California</state>
        <country>United States</country>
        <zip_code>95338</zip_code>
        <contact_information>Steve Behm 209-966-5240 steve.behm@ckc.com</contact_information>
    </Row>
    <Row>
        <tcb_name>CKC Certification Services, LLC</tcb_name>
        <tcb_login>US0103</tcb_login>
        <approved_scope>B1</approved_scope>
        <address>5046 Sierra Pines</address>
        <city>Mariposa</city>
        <state>California</state>
        <country>United States</country>
        <zip_code>95338</zip_code>
        <contact_information>Steve Behm 209-966-5240 steve.behm@ckc.com</contact_information>
    </Row>
    <Row>
        <tcb_name>CKC Certification Services, LLC</tcb_name>
        <tcb_login>US0103</tcb_login>
        <approved_scope>B2</approved_scope>
        <address>5046 Sierra Pines</address>
        <city>Mariposa</city>
        <state>California</state>
        <country>United States</country>
        <zip_code>95338</zip_code>
        <contact_information>Steve Behm 209-966-5240 steve.behm@ckc.com</contact_information>
    </Row>
    <Row>
        <tcb_name>CKC Certification Services, LLC</tcb_name>
        <tcb_login>US0103</tcb_login>
        <approved_scope>B3</approved_scope>
        <address>5046 Sierra Pines</address>
        <city>Mariposa</city>
        <state>California</state>
        <country>United States</country>
        <zip_code>95338</zip_code>
        <contact_information>Steve Behm 209-966-5240 steve.behm@ckc.com</contact_information>
    </Row>
    <Row>
        <tcb_name>CKC Certification Services, LLC</tcb_name>
        <tcb_login>US0103</tcb_login>
        <approved_scope>B4</approved_scope>
        <address>5046 Sierra Pines</address>
        <city>Mariposa</city>
        <state>California</state>
        <country>United States</country>
        <zip_code>95338</zip_code>
        <contact_information>Steve Behm 209-966-5240 steve.behm@ckc.com</contact_information>
    </Row>
    <Row>
        <tcb_name>CTC advanced GmbH (former CETECOM ICT Services GmbH)</tcb_name>
        <tcb_login>DE0001</tcb_login>
        <approved_scope>A1</approved_scope>
        <address>Untertuerkheimer Strasse 6-10</address>
        <city>66117 Saarbruecken</city>
        <state>N/A</state>
        <country>Germany</country>
        <zip_code>N/A</zip_code>
        <contact_information>Gerald Schmidt 49-681-598-0 mail@ctcadvanced.com</contact_information>
    </Row>
    <Row>
        <tcb_name>CTC advanced GmbH (former CETECOM ICT Services GmbH)</tcb_name>
        <tcb_login>DE0001</tcb_login>
        <approved_scope>A2</approved_scope>
        <address>Untertuerkheimer Strasse 6-10</address>
        <city>66117 Saarbruecken</city>
        <state>N/A</state>
        <country>Germany</country>
        <zip_code>N/A</zip_code>
        <contact_information>Gerald Schmidt 49-681-598-0 mail@ctcadvanced.com</contact_information>
    </Row>
    <Row>
        <tcb_name>CTC advanced GmbH (former CETECOM ICT Services GmbH)</tcb_name>
        <tcb_login>DE0001</tcb_login>
        <approved_scope>A3</approved_scope>
        <address>Untertuerkheimer Strasse 6-10</address>
        <city>66117 Saarbruecken</city>
        <state>N/A</state>
        <country>Germany</country>
        <zip_code>N/A</zip_code>
        <contact_information>Gerald Schmidt 49-681-598-0 mail@ctcadvanced.com</contact_information>
    </Row>
    <Row>
        <tcb_name>CTC advanced GmbH (former CETECOM ICT Services GmbH)</tcb_name>
        <tcb_login>DE0001</tcb_login>
        <approved_scope>A4</approved_scope>
        <address>Untertuerkheimer Strasse 6-10</address>
        <city>66117 Saarbruecken</city>
        <state>N/A</state>
        <country>Germany</country>
        <zip_code>N/A</zip_code>
        <contact_information>Gerald Schmidt 49-681-598-0 mail@ctcadvanced.com</contact_information>
    </Row>
    <Row>
        <tcb_name>CTC advanced GmbH (former CETECOM ICT Services GmbH)</tcb_name>
        <tcb_login>DE0001</tcb_login>
        <approved_scope>B1</approved_scope>
        <address>Untertuerkheimer Strasse 6-10</address>
        <city>66117 Saarbruecken</city>
        <state>N/A</state>
        <country>Germany</country>
        <zip_code>N/A</zip_code>
        <contact_information>Gerald Schmidt 49-681-598-0 mail@ctcadvanced.com</contact_information>
    </Row>
    <Row>
        <tcb_name>CTC advanced GmbH (former CETECOM ICT Services GmbH)</tcb_name>
        <tcb_login>DE0001</tcb_login>
        <approved_scope>B2</approved_scope>
        <address>Untertuerkheimer Strasse 6-10</address>
        <city>66117 Saarbruecken</city>
        <state>N/A</state>
        <country>Germany</country>
        <zip_code>N/A</zip_code>
        <contact_information>Gerald Schmidt 49-681-598-0 mail@ctcadvanced.com</contact_information>
    </Row>
    <Row>
        <tcb_name>CTC advanced GmbH (former CETECOM ICT Services GmbH)</tcb_name>
        <tcb_login>DE0001</tcb_login>
        <approved_scope>B3</approved_scope>
        <address>Untertuerkheimer Strasse 6-10</address>
        <city>66117 Saarbruecken</city>
        <state>N/A</state>
        <country>Germany</country>
        <zip_code>N/A</zip_code>
        <contact_information>Gerald Schmidt 49-681-598-0 mail@ctcadvanced.com</contact_information>
    </Row>
    <Row>
        <tcb_name>CTC advanced GmbH (former CETECOM ICT Services GmbH)</tcb_name>
        <tcb_login>DE0001</tcb_login>
        <approved_scope>B4</approved_scope>
        <address>Untertuerkheimer Strasse 6-10</address>
        <city>66117 Saarbruecken</city>
        <state>N/A</state>
        <country>Germany</country>
        <zip_code>N/A</zip_code>
        <contact_information>Gerald Schmidt 49-681-598-0 mail@ctcadvanced.com</contact_information>
    </Row>
    <Row>
        <tcb_name>Compatible Electronics, Inc.</tcb_name>
        <tcb_login>US0135</tcb_login>
        <approved_scope>A1</approved_scope>
        <address>114 Olinda Drive</address>
        <city>Brea</city>
        <state>California</state>
        <country>United States</country>
        <zip_code>92823</zip_code>
        <contact_information>Jeff Klinger 714-579-1489 jeff@compatible-electronics.com</contact_information>
    </Row>
    <Row>
        <tcb_name>Compatible Electronics, Inc.</tcb_name>
        <tcb_login>US0135</tcb_login>
        <approved_scope>A2</approved_scope>
        <address>114 Olinda Drive</address>
        <city>Brea</city>
        <state>California</state>
        <country>United States</country>
        <zip_code>92823</zip_code>
        <contact_information>Jeff Klinger 714-579-1489 jeff@compatible-electronics.com</contact_information>
    </Row>
    <Row>
        <tcb_name>Compatible Electronics, Inc.</tcb_name>
        <tcb_login>US0135</tcb_login>
        <approved_scope>A4</approved_scope>
        <address>114 Olinda Drive</address>
        <city>Brea</city>
        <state>California</state>
        <country>United States</country>
        <zip_code>92823</zip_code>
        <contact_information>Jeff Klinger 714-579-1489 jeff@compatible-electronics.com</contact_information>
    </Row>
    <Row>
        <tcb_name>Compliance Testing, LLC</tcb_name>
        <tcb_login>US0122</tcb_login>
        <approved_scope>A1</approved_scope>
        <address>1724 S. Nevada Way</address>
        <city>Mesa</city>
        <state>Arizona</state>
        <country>United States</country>
        <zip_code>85204</zip_code>
        <contact_information>Michael Schafer 480-926-3100 TCBAdmin@compliancetesting.com</contact_information>
    </Row>
    <Row>
        <tcb_name>Compliance Testing, LLC</tcb_name>
        <tcb_login>US0122</tcb_login>
        <approved_scope>A2</approved_scope>
        <address>1724 S. Nevada Way</address>
        <city>Mesa</city>
        <state>Arizona</state>
        <country>United States</country>
        <zip_code>85204</zip_code>
        <contact_information>Michael Schafer 480-926-3100 TCBAdmin@compliancetesting.com</contact_information>
    </Row>
    <Row>
        <tcb_name>Compliance Testing, LLC</tcb_name>
        <tcb_login>US0122</tcb_login>
        <approved_scope>A3</approved_scope>
        <address>1724 S. Nevada Way</address>
        <city>Mesa</city>
        <state>Arizona</state>
        <country>United States</country>
        <zip_code>85204</zip_code>
        <contact_information>Michael Schafer 480-926-3100 TCBAdmin@compliancetesting.com</contact_information>
    </Row>
    <Row>
        <tcb_name>Compliance Testing, LLC</tcb_name>
        <tcb_login>US0122</tcb_login>
        <approved_scope>A4</approved_scope>
        <address>1724 S. Nevada Way</address>
        <city>Mesa</city>
        <state>Arizona</state>
        <country>United States</country>
        <zip_code>85204</zip_code>
        <contact_information>Michael Schafer 480-926-3100 TCBAdmin@compliancetesting.com</contact_information>
    </Row>
    <Row>
        <tcb_name>Compliance Testing, LLC</tcb_name>
        <tcb_login>US0122</tcb_login>
        <approved_scope>B1</approved_scope>
        <address>1724 S. Nevada Way</address>
        <city>Mesa</city>
        <state>Arizona</state>
        <country>United States</country>
        <zip_code>85204</zip_code>
        <contact_information>Michael Schafer 480-926-3100 TCBAdmin@compliancetesting.com</contact_information>
    </Row>
    <Row>
        <tcb_name>Compliance Testing, LLC</tcb_name>
        <tcb_login>US0122</tcb_login>
        <approved_scope>B2</approved_scope>
        <address>1724 S. Nevada Way</address>
        <city>Mesa</city>
        <state>Arizona</state>
        <country>United States</country>
        <zip_code>85204</zip_code>
        <contact_information>Michael Schafer 480-926-3100 TCBAdmin@compliancetesting.com</contact_information>
    </Row>
    <Row>
        <tcb_name>Compliance Testing, LLC</tcb_name>
        <tcb_login>US0122</tcb_login>
        <approved_scope>B3</approved_scope>
        <address>1724 S. Nevada Way</address>
        <city>Mesa</city>
        <state>Arizona</state>
        <country>United States</country>
        <zip_code>85204</zip_code>
        <contact_information>Michael Schafer 480-926-3100 TCBAdmin@compliancetesting.com</contact_information>
    </Row>
    <Row>
        <tcb_name>Compliance Testing, LLC</tcb_name>
        <tcb_login>US0122</tcb_login>
        <approved_scope>B4</approved_scope>
        <address>1724 S. Nevada Way</address>
        <city>Mesa</city>
        <state>Arizona</state>
        <country>United States</country>
        <zip_code>85204</zip_code>
        <contact_information>Michael Schafer 480-926-3100 TCBAdmin@compliancetesting.com</contact_information>
    </Row>
    <Row>
        <tcb_name>DEKRA Testing and Certification, S.A.U.</tcb_name>
        <tcb_login>ES0001</tcb_login>
        <approved_scope>A1</approved_scope>
        <address>Parque Tecnologico de Andalucia,       Calle Severo Ochoa 2 y 6</address>
        <city>Campanillas - Malaga</city>
        <state>N/A</state>
        <country>Spain</country>
        <zip_code>29590</zip_code>
        <contact_information>Ricardo Orejas Rodriguez 34-9562-61 91 00 ricardo.orejas@dekra.com</contact_information>
    </Row>
    <Row>
        <tcb_name>DEKRA Testing and Certification, S.A.U.</tcb_name>
        <tcb_login>ES0001</tcb_login>
        <approved_scope>A2</approved_scope>
        <address>Parque Tecnologico de Andalucia,       Calle Severo Ochoa 2 y 6</address>
        <city>Campanillas - Malaga</city>
        <state>N/A</state>
        <country>Spain</country>
        <zip_code>29590</zip_code>
        <contact_information>Ricardo Orejas Rodriguez 34-9562-61 91 00 ricardo.orejas@dekra.com</contact_information>
    </Row>
    <Row>
        <tcb_name>DEKRA Testing and Certification, S.A.U.</tcb_name>
        <tcb_login>ES0001</tcb_login>
        <approved_scope>A4</approved_scope>
        <address>Parque Tecnologico de Andalucia,       Calle Severo Ochoa 2 y 6</address>
        <city>Campanillas - Malaga</city>
        <state>N/A</state>
        <country>Spain</country>
        <zip_code>29590</zip_code>
        <contact_information>Ricardo Orejas Rodriguez 34-9562-61 91 00 ricardo.orejas@dekra.com</contact_information>
    </Row>
    <Row>
        <tcb_name>DEKRA Testing and Certification, S.A.U.</tcb_name>
        <tcb_login>ES0001</tcb_login>
        <approved_scope>B1</approved_scope>
        <address>Parque Tecnologico de Andalucia,       Calle Severo Ochoa 2 y 6</address>
        <city>Campanillas - Malaga</city>
        <state>N/A</state>
        <country>Spain</country>
        <zip_code>29590</zip_code>
        <contact_information>Ricardo Orejas Rodriguez 34-9562-61 91 00 ricardo.orejas@dekra.com</contact_information>
    </Row>
    <Row>
        <tcb_name>DEKRA Testing and Certification, S.A.U.</tcb_name>
        <tcb_login>ES0001</tcb_login>
        <approved_scope>B2</approved_scope>
        <address>Parque Tecnologico de Andalucia,       Calle Severo Ochoa 2 y 6</address>
        <city>Campanillas - Malaga</city>
        <state>N/A</state>
        <country>Spain</country>
        <zip_code>29590</zip_code>
        <contact_information>Ricardo Orejas Rodriguez 34-9562-61 91 00 ricardo.orejas@dekra.com</contact_information>
    </Row>
    <Row>
        <tcb_name>EMCCons DR RASEK GmbH &amp; Co. KG</tcb_name>
        <tcb_login>DE0004</tcb_login>
        <approved_scope>A1</approved_scope>
        <address>Stoernhofer Berg 15</address>
        <city>Unterleinleiter</city>
        <state>N/A</state>
        <country>Germany</country>
        <zip_code>91364</zip_code>
        <contact_information>Dieter Zitzmann 49-9194-7263-888 emc.cert@emcc.de</contact_information>
    </Row>
    <Row>
        <tcb_name>EMCCons DR RASEK GmbH &amp; Co. KG</tcb_name>
        <tcb_login>DE0004</tcb_login>
        <approved_scope>A2</approved_scope>
        <address>Stoernhofer Berg 15</address>
        <city>Unterleinleiter</city>
        <state>N/A</state>
        <country>Germany</country>
        <zip_code>91364</zip_code>
        <contact_information>Dieter Zitzmann 49-9194-7263-888 emc.cert@emcc.de</contact_information>
    </Row>
    <Row>
        <tcb_name>EMCCons DR RASEK GmbH &amp; Co. KG</tcb_name>
        <tcb_login>DE0004</tcb_login>
        <approved_scope>A3</approved_scope>
        <address>Stoernhofer Berg 15</address>
        <city>Unterleinleiter</city>
        <state>N/A</state>
        <country>Germany</country>
        <zip_code>91364</zip_code>
        <contact_information>Dieter Zitzmann 49-9194-7263-888 emc.cert@emcc.de</contact_information>
    </Row>
    <Row>
        <tcb_name>EMCCons DR RASEK GmbH &amp; Co. KG</tcb_name>
        <tcb_login>DE0004</tcb_login>
        <approved_scope>A4</approved_scope>
        <address>Stoernhofer Berg 15</address>
        <city>Unterleinleiter</city>
        <state>N/A</state>
        <country>Germany</country>
        <zip_code>91364</zip_code>
        <contact_information>Dieter Zitzmann 49-9194-7263-888 emc.cert@emcc.de</contact_information>
    </Row>
    <Row>
        <tcb_name>EMCCons DR RASEK GmbH &amp; Co. KG</tcb_name>
        <tcb_login>DE0004</tcb_login>
        <approved_scope>B1</approved_scope>
        <address>Stoernhofer Berg 15</address>
        <city>Unterleinleiter</city>
        <state>N/A</state>
        <country>Germany</country>
        <zip_code>91364</zip_code>
        <contact_information>Dieter Zitzmann 49-9194-7263-888 emc.cert@emcc.de</contact_information>
    </Row>
    <Row>
        <tcb_name>EMCCons DR RASEK GmbH &amp; Co. KG</tcb_name>
        <tcb_login>DE0004</tcb_login>
        <approved_scope>B2</approved_scope>
        <address>Stoernhofer Berg 15</address>
        <city>Unterleinleiter</city>
        <state>N/A</state>
        <country>Germany</country>
        <zip_code>91364</zip_code>
        <contact_information>Dieter Zitzmann 49-9194-7263-888 emc.cert@emcc.de</contact_information>
    </Row>
    <Row>
        <tcb_name>EMCCons DR RASEK GmbH &amp; Co. KG</tcb_name>
        <tcb_login>DE0004</tcb_login>
        <approved_scope>B3</approved_scope>
        <address>Stoernhofer Berg 15</address>
        <city>Unterleinleiter</city>
        <state>N/A</state>
        <country>Germany</country>
        <zip_code>91364</zip_code>
        <contact_information>Dieter Zitzmann 49-9194-7263-888 emc.cert@emcc.de</contact_information>
    </Row>
    <Row>
        <tcb_name>EMCCons DR RASEK GmbH &amp; Co. KG</tcb_name>
        <tcb_login>DE0004</tcb_login>
        <approved_scope>B4</approved_scope>
        <address>Stoernhofer Berg 15</address>
        <city>Unterleinleiter</city>
        <state>N/A</state>
        <country>Germany</country>
        <zip_code>91364</zip_code>
        <contact_information>Dieter Zitzmann 49-9194-7263-888 emc.cert@emcc.de</contact_information>
    </Row>
    <Row>
        <tcb_name>Element Materials Technology Portland - Evergreen Inc.</tcb_name>
        <tcb_login>US0017</tcb_login>
        <approved_scope>A1</approved_scope>
        <address>6775 NE Evergreen Parkway, Suite 400</address>
        <city>Hillsboro</city>
        <state>Oregon</state>
        <country>United States</country>
        <zip_code>97124</zip_code>
        <contact_information>Greg Kiemel 503-844-4066 greg.kiemel@element.com</contact_information>
    </Row>
    <Row>
        <tcb_name>Element Materials Technology Portland - Evergreen Inc.</tcb_name>
        <tcb_login>US0017</tcb_login>
        <approved_scope>A2</approved_scope>
        <address>6775 NE Evergreen Parkway, Suite 400</address>
        <city>Hillsboro</city>
        <state>Oregon</state>
        <country>United States</country>
        <zip_code>97124</zip_code>
        <contact_information>Greg Kiemel 503-844-4066 greg.kiemel@element.com</contact_information>
    </Row>
    <Row>
        <tcb_name>Element Materials Technology Portland - Evergreen Inc.</tcb_name>
        <tcb_login>US0017</tcb_login>
        <approved_scope>A3</approved_scope>
        <address>6775 NE Evergreen Parkway, Suite 400</address>
        <city>Hillsboro</city>
        <state>Oregon</state>
        <country>United States</country>
        <zip_code>97124</zip_code>
        <contact_information>Greg Kiemel 503-844-4066 greg.kiemel@element.com</contact_information>
    </Row>
    <Row>
        <tcb_name>Element Materials Technology Portland - Evergreen Inc.</tcb_name>
        <tcb_login>US0017</tcb_login>
        <approved_scope>A4</approved_scope>
        <address>6775 NE Evergreen Parkway, Suite 400</address>
        <city>Hillsboro</city>
        <state>Oregon</state>
        <country>United States</country>
        <zip_code>97124</zip_code>
        <contact_information>Greg Kiemel 503-844-4066 greg.kiemel@element.com</contact_information>
    </Row>
    <Row>
        <tcb_name>Element Materials Technology Portland - Evergreen Inc.</tcb_name>
        <tcb_login>US0017</tcb_login>
        <approved_scope>B1</approved_scope>
        <address>6775 NE Evergreen Parkway, Suite 400</address>
        <city>Hillsboro</city>
        <state>Oregon</state>
        <country>United States</country>
        <zip_code>97124</zip_code>
        <contact_information>Greg Kiemel 503-844-4066 greg.kiemel@element.com</contact_information>
    </Row>
    <Row>
        <tcb_name>Element Materials Technology Portland - Evergreen Inc.</tcb_name>
        <tcb_login>US0017</tcb_login>
        <approved_scope>B2</approved_scope>
        <address>6775 NE Evergreen Parkway, Suite 400</address>
        <city>Hillsboro</city>
        <state>Oregon</state>
        <country>United States</country>
        <zip_code>97124</zip_code>
        <contact_information>Greg Kiemel 503-844-4066 greg.kiemel@element.com</contact_information>
    </Row>
    <Row>
        <tcb_name>Element Materials Technology Portland - Evergreen Inc.</tcb_name>
        <tcb_login>US0017</tcb_login>
        <approved_scope>B3</approved_scope>
        <address>6775 NE Evergreen Parkway, Suite 400</address>
        <city>Hillsboro</city>
        <state>Oregon</state>
        <country>United States</country>
        <zip_code>97124</zip_code>
        <contact_information>Greg Kiemel 503-844-4066 greg.kiemel@element.com</contact_information>
    </Row>
    <Row>
        <tcb_name>Element Materials Technology Portland - Evergreen Inc.</tcb_name>
        <tcb_login>US0017</tcb_login>
        <approved_scope>B4</approved_scope>
        <address>6775 NE Evergreen Parkway, Suite 400</address>
        <city>Hillsboro</city>
        <state>Oregon</state>
        <country>United States</country>
        <zip_code>97124</zip_code>
        <contact_information>Greg Kiemel 503-844-4066 greg.kiemel@element.com</contact_information>
    </Row>
    <Row>
        <tcb_name>Element Materials Technology Warwick Ltd</tcb_name>
        <tcb_login>UK0001</tcb_login>
        <approved_scope>A1</approved_scope>
        <address>Rothwell Road       Warwick</address>
        <city>Warwick</city>
        <state>N/A</state>
        <country>United Kingdom</country>
        <zip_code>CV34 5JX</zip_code>
        <contact_information>Simon Barrowcliff 441695556666 simon.barrowcliff@element.com</contact_information>
    </Row>
    <Row>
        <tcb_name>Element Materials Technology Warwick Ltd</tcb_name>
        <tcb_login>UK0001</tcb_login>
        <approved_scope>A2</approved_scope>
        <address>Rothwell Road       Warwick</address>
        <city>Warwick</city>
        <state>N/A</state>
        <country>United Kingdom</country>
        <zip_code>CV34 5JX</zip_code>
        <contact_information>Simon Barrowcliff 441695556666 simon.barrowcliff@element.com</contact_information>
    </Row>
    <Row>
        <tcb_name>Element Materials Technology Warwick Ltd</tcb_name>
        <tcb_login>UK0001</tcb_login>
        <approved_scope>A3</approved_scope>
        <address>Rothwell Road       Warwick</address>
        <city>Warwick</city>
        <state>N/A</state>
        <country>United Kingdom</country>
        <zip_code>CV34 5JX</zip_code>
        <contact_information>Simon Barrowcliff 441695556666 simon.barrowcliff@element.com</contact_information>
    </Row>
    <Row>
        <tcb_name>Element Materials Technology Warwick Ltd</tcb_name>
        <tcb_login>UK0001</tcb_login>
        <approved_scope>A4</approved_scope>
        <address>Rothwell Road       Warwick</address>
        <city>Warwick</city>
        <state>N/A</state>
        <country>United Kingdom</country>
        <zip_code>CV34 5JX</zip_code>
        <contact_information>Simon Barrowcliff 441695556666 simon.barrowcliff@element.com</contact_information>
    </Row>
    <Row>
        <tcb_name>Element Materials Technology Warwick Ltd</tcb_name>
        <tcb_login>UK0001</tcb_login>
        <approved_scope>B1</approved_scope>
        <address>Rothwell Road       Warwick</address>
        <city>Warwick</city>
        <state>N/A</state>
        <country>United Kingdom</country>
        <zip_code>CV34 5JX</zip_code>
        <contact_information>Simon Barrowcliff 441695556666 simon.barrowcliff@element.com</contact_information>
    </Row>
    <Row>
        <tcb_name>Element Materials Technology Warwick Ltd</tcb_name>
        <tcb_login>UK0001</tcb_login>
        <approved_scope>B2</approved_scope>
        <address>Rothwell Road       Warwick</address>
        <city>Warwick</city>
        <state>N/A</state>
        <country>United Kingdom</country>
        <zip_code>CV34 5JX</zip_code>
        <contact_information>Simon Barrowcliff 441695556666 simon.barrowcliff@element.com</contact_information>
    </Row>
    <Row>
        <tcb_name>Element Materials Technology Warwick Ltd</tcb_name>
        <tcb_login>UK0001</tcb_login>
        <approved_scope>B4</approved_scope>
        <address>Rothwell Road       Warwick</address>
        <city>Warwick</city>
        <state>N/A</state>
        <country>United Kingdom</country>
        <zip_code>CV34 5JX</zip_code>
        <contact_information>Simon Barrowcliff 441695556666 simon.barrowcliff@element.com</contact_information>
    </Row>
    <Row>
        <tcb_name>Elite Electronic Engineering, Inc.</tcb_name>
        <tcb_login>US0107</tcb_login>
        <approved_scope>A1</approved_scope>
        <address>1516 Centre Circle</address>
        <city>Downers Grove</city>
        <state>Illinois</state>
        <country>United States</country>
        <zip_code>60515</zip_code>
        <contact_information>Daniel Crowder 630-495-9770 decrowder@elitetest.com</contact_information>
    </Row>
    <Row>
        <tcb_name>Elite Electronic Engineering, Inc.</tcb_name>
        <tcb_login>US0107</tcb_login>
        <approved_scope>A2</approved_scope>
        <address>1516 Centre Circle</address>
        <city>Downers Grove</city>
        <state>Illinois</state>
        <country>United States</country>
        <zip_code>60515</zip_code>
        <contact_information>Daniel Crowder 630-495-9770 decrowder@elitetest.com</contact_information>
    </Row>
    <Row>
        <tcb_name>Elite Electronic Engineering, Inc.</tcb_name>
        <tcb_login>US0107</tcb_login>
        <approved_scope>A3</approved_scope>
        <address>1516 Centre Circle</address>
        <city>Downers Grove</city>
        <state>Illinois</state>
        <country>United States</country>
        <zip_code>60515</zip_code>
        <contact_information>Daniel Crowder 630-495-9770 decrowder@elitetest.com</contact_information>
    </Row>
    <Row>
        <tcb_name>Elite Electronic Engineering, Inc.</tcb_name>
        <tcb_login>US0107</tcb_login>
        <approved_scope>A4</approved_scope>
        <address>1516 Centre Circle</address>
        <city>Downers Grove</city>
        <state>Illinois</state>
        <country>United States</country>
        <zip_code>60515</zip_code>
        <contact_information>Daniel Crowder 630-495-9770 decrowder@elitetest.com</contact_information>
    </Row>
    <Row>
        <tcb_name>Elite Electronic Engineering, Inc.</tcb_name>
        <tcb_login>US0107</tcb_login>
        <approved_scope>B1</approved_scope>
        <address>1516 Centre Circle</address>
        <city>Downers Grove</city>
        <state>Illinois</state>
        <country>United States</country>
        <zip_code>60515</zip_code>
        <contact_information>Daniel Crowder 630-495-9770 decrowder@elitetest.com</contact_information>
    </Row>
    <Row>
        <tcb_name>Elite Electronic Engineering, Inc.</tcb_name>
        <tcb_login>US0107</tcb_login>
        <approved_scope>B2</approved_scope>
        <address>1516 Centre Circle</address>
        <city>Downers Grove</city>
        <state>Illinois</state>
        <country>United States</country>
        <zip_code>60515</zip_code>
        <contact_information>Daniel Crowder 630-495-9770 decrowder@elitetest.com</contact_information>
    </Row>
    <Row>
        <tcb_name>Elite Electronic Engineering, Inc.</tcb_name>
        <tcb_login>US0107</tcb_login>
        <approved_scope>B3</approved_scope>
        <address>1516 Centre Circle</address>
        <city>Downers Grove</city>
        <state>Illinois</state>
        <country>United States</country>
        <zip_code>60515</zip_code>
        <contact_information>Daniel Crowder 630-495-9770 decrowder@elitetest.com</contact_information>
    </Row>
    <Row>
        <tcb_name>Elite Electronic Engineering, Inc.</tcb_name>
        <tcb_login>US0107</tcb_login>
        <approved_scope>B4</approved_scope>
        <address>1516 Centre Circle</address>
        <city>Downers Grove</city>
        <state>Illinois</state>
        <country>United States</country>
        <zip_code>60515</zip_code>
        <contact_information>Daniel Crowder 630-495-9770 decrowder@elitetest.com</contact_information>
    </Row>
    <Row>
        <tcb_name>Eurofins MET Laboratories, Inc.</tcb_name>
        <tcb_login>US0109</tcb_login>
        <approved_scope>A1</approved_scope>
        <address>914 W. Patapsco Avenue</address>
        <city>Baltimore</city>
        <state>Maryland</state>
        <country>United States</country>
        <zip_code>21230-3432</zip_code>
        <contact_information>Jenn Warnell 410-949-1877 Jenn.Warnell@metlabs.com</contact_information>
    </Row>
    <Row>
        <tcb_name>Eurofins MET Laboratories, Inc.</tcb_name>
        <tcb_login>US0109</tcb_login>
        <approved_scope>A2</approved_scope>
        <address>914 W. Patapsco Avenue</address>
        <city>Baltimore</city>
        <state>Maryland</state>
        <country>United States</country>
        <zip_code>21230-3432</zip_code>
        <contact_information>Jenn Warnell 410-949-1877 Jenn.Warnell@metlabs.com</contact_information>
    </Row>
    <Row>
        <tcb_name>Eurofins MET Laboratories, Inc.</tcb_name>
        <tcb_login>US0109</tcb_login>
        <approved_scope>A3</approved_scope>
        <address>914 W. Patapsco Avenue</address>
        <city>Baltimore</city>
        <state>Maryland</state>
        <country>United States</country>
        <zip_code>21230-3432</zip_code>
        <contact_information>Jenn Warnell 410-949-1877 Jenn.Warnell@metlabs.com</contact_information>
    </Row>
    <Row>
        <tcb_name>Eurofins MET Laboratories, Inc.</tcb_name>
        <tcb_login>US0109</tcb_login>
        <approved_scope>A4</approved_scope>
        <address>914 W. Patapsco Avenue</address>
        <city>Baltimore</city>
        <state>Maryland</state>
        <country>United States</country>
        <zip_code>21230-3432</zip_code>
        <contact_information>Jenn Warnell 410-949-1877 Jenn.Warnell@metlabs.com</contact_information>
    </Row>
    <Row>
        <tcb_name>Eurofins MET Laboratories, Inc.</tcb_name>
        <tcb_login>US0109</tcb_login>
        <approved_scope>B1</approved_scope>
        <address>914 W. Patapsco Avenue</address>
        <city>Baltimore</city>
        <state>Maryland</state>
        <country>United States</country>
        <zip_code>21230-3432</zip_code>
        <contact_information>Jenn Warnell 410-949-1877 Jenn.Warnell@metlabs.com</contact_information>
    </Row>
    <Row>
        <tcb_name>Eurofins MET Laboratories, Inc.</tcb_name>
        <tcb_login>US0109</tcb_login>
        <approved_scope>B2</approved_scope>
        <address>914 W. Patapsco Avenue</address>
        <city>Baltimore</city>
        <state>Maryland</state>
        <country>United States</country>
        <zip_code>21230-3432</zip_code>
        <contact_information>Jenn Warnell 410-949-1877 Jenn.Warnell@metlabs.com</contact_information>
    </Row>
    <Row>
        <tcb_name>Eurofins MET Laboratories, Inc.</tcb_name>
        <tcb_login>US0109</tcb_login>
        <approved_scope>B3</approved_scope>
        <address>914 W. Patapsco Avenue</address>
        <city>Baltimore</city>
        <state>Maryland</state>
        <country>United States</country>
        <zip_code>21230-3432</zip_code>
        <contact_information>Jenn Warnell 410-949-1877 Jenn.Warnell@metlabs.com</contact_information>
    </Row>
    <Row>
        <tcb_name>Eurofins MET Laboratories, Inc.</tcb_name>
        <tcb_login>US0109</tcb_login>
        <approved_scope>B4</approved_scope>
        <address>914 W. Patapsco Avenue</address>
        <city>Baltimore</city>
        <state>Maryland</state>
        <country>United States</country>
        <zip_code>21230-3432</zip_code>
        <contact_information>Jenn Warnell 410-949-1877 Jenn.Warnell@metlabs.com</contact_information>
    </Row>
    <Row>
        <tcb_name>Eurofins Product Service GmbH</tcb_name>
        <tcb_login>DE0005</tcb_login>
        <approved_scope>A1</approved_scope>
        <address>Storkower Strasse 38c</address>
        <city>D-15526 Reichenwalde</city>
        <state>N/A</state>
        <country>Germany</country>
        <zip_code>N/A</zip_code>
        <contact_information>Jorg Kusig 49-33631-888-700 joergkusig@eurofins.de</contact_information>
    </Row>
    <Row>
        <tcb_name>Eurofins Product Service GmbH</tcb_name>
        <tcb_login>DE0005</tcb_login>
        <approved_scope>A2</approved_scope>
        <address>Storkower Strasse 38c</address>
        <city>D-15526 Reichenwalde</city>
        <state>N/A</state>
        <country>Germany</country>
        <zip_code>N/A</zip_code>
        <contact_information>Jorg Kusig 49-33631-888-700 joergkusig@eurofins.de</contact_information>
    </Row>
    <Row>
        <tcb_name>Eurofins Product Service GmbH</tcb_name>
        <tcb_login>DE0005</tcb_login>
        <approved_scope>A3</approved_scope>
        <address>Storkower Strasse 38c</address>
        <city>D-15526 Reichenwalde</city>
        <state>N/A</state>
        <country>Germany</country>
        <zip_code>N/A</zip_code>
        <contact_information>Jorg Kusig 49-33631-888-700 joergkusig@eurofins.de</contact_information>
    </Row>
    <Row>
        <tcb_name>Eurofins Product Service GmbH</tcb_name>
        <tcb_login>DE0005</tcb_login>
        <approved_scope>A4</approved_scope>
        <address>Storkower Strasse 38c</address>
        <city>D-15526 Reichenwalde</city>
        <state>N/A</state>
        <country>Germany</country>
        <zip_code>N/A</zip_code>
        <contact_information>Jorg Kusig 49-33631-888-700 joergkusig@eurofins.de</contact_information>
    </Row>
    <Row>
        <tcb_name>Eurofins Product Service GmbH</tcb_name>
        <tcb_login>DE0005</tcb_login>
        <approved_scope>B1</approved_scope>
        <address>Storkower Strasse 38c</address>
        <city>D-15526 Reichenwalde</city>
        <state>N/A</state>
        <country>Germany</country>
        <zip_code>N/A</zip_code>
        <contact_information>Jorg Kusig 49-33631-888-700 joergkusig@eurofins.de</contact_information>
    </Row>
    <Row>
        <tcb_name>Eurofins Product Service GmbH</tcb_name>
        <tcb_login>DE0005</tcb_login>
        <approved_scope>B2</approved_scope>
        <address>Storkower Strasse 38c</address>
        <city>D-15526 Reichenwalde</city>
        <state>N/A</state>
        <country>Germany</country>
        <zip_code>N/A</zip_code>
        <contact_information>Jorg Kusig 49-33631-888-700 joergkusig@eurofins.de</contact_information>
    </Row>
    <Row>
        <tcb_name>Eurofins Product Service GmbH</tcb_name>
        <tcb_login>DE0005</tcb_login>
        <approved_scope>B3</approved_scope>
        <address>Storkower Strasse 38c</address>
        <city>D-15526 Reichenwalde</city>
        <state>N/A</state>
        <country>Germany</country>
        <zip_code>N/A</zip_code>
        <contact_information>Jorg Kusig 49-33631-888-700 joergkusig@eurofins.de</contact_information>
    </Row>
    <Row>
        <tcb_name>Eurofins Product Service GmbH</tcb_name>
        <tcb_login>DE0005</tcb_login>
        <approved_scope>B4</approved_scope>
        <address>Storkower Strasse 38c</address>
        <city>D-15526 Reichenwalde</city>
        <state>N/A</state>
        <country>Germany</country>
        <zip_code>N/A</zip_code>
        <contact_information>Jorg Kusig 49-33631-888-700 joergkusig@eurofins.de</contact_information>
    </Row>
    <Row>
        <tcb_name>FCC Test TCB (FOR FCC Internal USE ONLY)</tcb_name>
        <tcb_login>US9999</tcb_login>
        <approved_scope>A1</approved_scope>
        <address>7435 Oakland Mills Rd</address>
        <city>Columbia</city>
        <state>Maryland</state>
        <country>United States</country>
        <zip_code>21046</zip_code>
        <contact_information>George Tannahill 301-362-3026 George.tannahill@fcc.gov</contact_information>
    </Row>
    <Row>
        <tcb_name>FCC Test TCB (FOR FCC Internal USE ONLY)</tcb_name>
        <tcb_login>US9999</tcb_login>
        <approved_scope>A2</approved_scope>
        <address>7435 Oakland Mills Rd</address>
        <city>Columbia</city>
        <state>Maryland</state>
        <country>United States</country>
        <zip_code>21046</zip_code>
        <contact_information>George Tannahill 301-362-3026 George.tannahill@fcc.gov</contact_information>
    </Row>
    <Row>
        <tcb_name>FCC Test TCB (FOR FCC Internal USE ONLY)</tcb_name>
        <tcb_login>US9999</tcb_login>
        <approved_scope>A3</approved_scope>
        <address>7435 Oakland Mills Rd</address>
        <city>Columbia</city>
        <state>Maryland</state>
        <country>United States</country>
        <zip_code>21046</zip_code>
        <contact_information>George Tannahill 301-362-3026 George.tannahill@fcc.gov</contact_information>
    </Row>
    <Row>
        <tcb_name>FCC Test TCB (FOR FCC Internal USE ONLY)</tcb_name>
        <tcb_login>US9999</tcb_login>
        <approved_scope>A4</approved_scope>
        <address>7435 Oakland Mills Rd</address>
        <city>Columbia</city>
        <state>Maryland</state>
        <country>United States</country>
        <zip_code>21046</zip_code>
        <contact_information>George Tannahill 301-362-3026 George.tannahill@fcc.gov</contact_information>
    </Row>
    <Row>
        <tcb_name>FCC Test TCB (FOR FCC Internal USE ONLY)</tcb_name>
        <tcb_login>US9999</tcb_login>
        <approved_scope>B1</approved_scope>
        <address>7435 Oakland Mills Rd</address>
        <city>Columbia</city>
        <state>Maryland</state>
        <country>United States</country>
        <zip_code>21046</zip_code>
        <contact_information>George Tannahill 301-362-3026 George.tannahill@fcc.gov</contact_information>
    </Row>
    <Row>
        <tcb_name>FCC Test TCB (FOR FCC Internal USE ONLY)</tcb_name>
        <tcb_login>US9999</tcb_login>
        <approved_scope>B2</approved_scope>
        <address>7435 Oakland Mills Rd</address>
        <city>Columbia</city>
        <state>Maryland</state>
        <country>United States</country>
        <zip_code>21046</zip_code>
        <contact_information>George Tannahill 301-362-3026 George.tannahill@fcc.gov</contact_information>
    </Row>
    <Row>
        <tcb_name>FCC Test TCB (FOR FCC Internal USE ONLY)</tcb_name>
        <tcb_login>US9999</tcb_login>
        <approved_scope>B3</approved_scope>
        <address>7435 Oakland Mills Rd</address>
        <city>Columbia</city>
        <state>Maryland</state>
        <country>United States</country>
        <zip_code>21046</zip_code>
        <contact_information>George Tannahill 301-362-3026 George.tannahill@fcc.gov</contact_information>
    </Row>
    <Row>
        <tcb_name>FCC Test TCB (FOR FCC Internal USE ONLY)</tcb_name>
        <tcb_login>US9999</tcb_login>
        <approved_scope>B4</approved_scope>
        <address>7435 Oakland Mills Rd</address>
        <city>Columbia</city>
        <state>Maryland</state>
        <country>United States</country>
        <zip_code>21046</zip_code>
        <contact_information>George Tannahill 301-362-3026 George.tannahill@fcc.gov</contact_information>
    </Row>
    <Row>
        <tcb_name>HCT America LLC</tcb_name>
        <tcb_login>US0189</tcb_login>
        <approved_scope>A1</approved_scope>
        <address>1726 Ringwood Avenue</address>
        <city>San Jose</city>
        <state>California</state>
        <country>United States</country>
        <zip_code>95131</zip_code>
        <contact_information>Kent Kim 510-933-8848 kent@hctamerica.com</contact_information>
    </Row>
    <Row>
        <tcb_name>HCT America LLC</tcb_name>
        <tcb_login>US0189</tcb_login>
        <approved_scope>A2</approved_scope>
        <address>1726 Ringwood Avenue</address>
        <city>San Jose</city>
        <state>California</state>
        <country>United States</country>
        <zip_code>95131</zip_code>
        <contact_information>Kent Kim 510-933-8848 kent@hctamerica.com</contact_information>
    </Row>
    <Row>
        <tcb_name>HCT America LLC</tcb_name>
        <tcb_login>US0189</tcb_login>
        <approved_scope>A3</approved_scope>
        <address>1726 Ringwood Avenue</address>
        <city>San Jose</city>
        <state>California</state>
        <country>United States</country>
        <zip_code>95131</zip_code>
        <contact_information>Kent Kim 510-933-8848 kent@hctamerica.com</contact_information>
    </Row>
    <Row>
        <tcb_name>HCT America LLC</tcb_name>
        <tcb_login>US0189</tcb_login>
        <approved_scope>A4</approved_scope>
        <address>1726 Ringwood Avenue</address>
        <city>San Jose</city>
        <state>California</state>
        <country>United States</country>
        <zip_code>95131</zip_code>
        <contact_information>Kent Kim 510-933-8848 kent@hctamerica.com</contact_information>
    </Row>
    <Row>
        <tcb_name>HCT America LLC</tcb_name>
        <tcb_login>US0189</tcb_login>
        <approved_scope>B1</approved_scope>
        <address>1726 Ringwood Avenue</address>
        <city>San Jose</city>
        <state>California</state>
        <country>United States</country>
        <zip_code>95131</zip_code>
        <contact_information>Kent Kim 510-933-8848 kent@hctamerica.com</contact_information>
    </Row>
    <Row>
        <tcb_name>HCT America LLC</tcb_name>
        <tcb_login>US0189</tcb_login>
        <approved_scope>B2</approved_scope>
        <address>1726 Ringwood Avenue</address>
        <city>San Jose</city>
        <state>California</state>
        <country>United States</country>
        <zip_code>95131</zip_code>
        <contact_information>Kent Kim 510-933-8848 kent@hctamerica.com</contact_information>
    </Row>
    <Row>
        <tcb_name>HCT America LLC</tcb_name>
        <tcb_login>US0189</tcb_login>
        <approved_scope>B3</approved_scope>
        <address>1726 Ringwood Avenue</address>
        <city>San Jose</city>
        <state>California</state>
        <country>United States</country>
        <zip_code>95131</zip_code>
        <contact_information>Kent Kim 510-933-8848 kent@hctamerica.com</contact_information>
    </Row>
    <Row>
        <tcb_name>HCT America LLC</tcb_name>
        <tcb_login>US0189</tcb_login>
        <approved_scope>B4</approved_scope>
        <address>1726 Ringwood Avenue</address>
        <city>San Jose</city>
        <state>California</state>
        <country>United States</country>
        <zip_code>95131</zip_code>
        <contact_information>Kent Kim 510-933-8848 kent@hctamerica.com</contact_information>
    </Row>
    <Row>
        <tcb_name>Intertek Testing Services NA, Inc.</tcb_name>
        <tcb_login>US0108</tcb_login>
        <approved_scope>A1</approved_scope>
        <address>70 Codman Hill Road</address>
        <city>Boxborough</city>
        <state>Massachusetts</state>
        <country>United States</country>
        <zip_code>01719</zip_code>
        <contact_information>Nicholas Abbondante 978 635 8542 nicholas.abbondante@intertek.com</contact_information>
    </Row>
    <Row>
        <tcb_name>Intertek Testing Services NA, Inc.</tcb_name>
        <tcb_login>US0108</tcb_login>
        <approved_scope>A2</approved_scope>
        <address>70 Codman Hill Road</address>
        <city>Boxborough</city>
        <state>Massachusetts</state>
        <country>United States</country>
        <zip_code>01719</zip_code>
        <contact_information>Nicholas Abbondante 978 635 8542 nicholas.abbondante@intertek.com</contact_information>
    </Row>
    <Row>
        <tcb_name>Intertek Testing Services NA, Inc.</tcb_name>
        <tcb_login>US0108</tcb_login>
        <approved_scope>A3</approved_scope>
        <address>70 Codman Hill Road</address>
        <city>Boxborough</city>
        <state>Massachusetts</state>
        <country>United States</country>
        <zip_code>01719</zip_code>
        <contact_information>Nicholas Abbondante 978 635 8542 nicholas.abbondante@intertek.com</contact_information>
    </Row>
    <Row>
        <tcb_name>Intertek Testing Services NA, Inc.</tcb_name>
        <tcb_login>US0108</tcb_login>
        <approved_scope>A4</approved_scope>
        <address>70 Codman Hill Road</address>
        <city>Boxborough</city>
        <state>Massachusetts</state>
        <country>United States</country>
        <zip_code>01719</zip_code>
        <contact_information>Nicholas Abbondante 978 635 8542 nicholas.abbondante@intertek.com</contact_information>
    </Row>
    <Row>
        <tcb_name>Intertek Testing Services NA, Inc.</tcb_name>
        <tcb_login>US0108</tcb_login>
        <approved_scope>B1</approved_scope>
        <address>70 Codman Hill Road</address>
        <city>Boxborough</city>
        <state>Massachusetts</state>
        <country>United States</country>
        <zip_code>01719</zip_code>
        <contact_information>Nicholas Abbondante 978 635 8542 nicholas.abbondante@intertek.com</contact_information>
    </Row>
    <Row>
        <tcb_name>Intertek Testing Services NA, Inc.</tcb_name>
        <tcb_login>US0108</tcb_login>
        <approved_scope>B2</approved_scope>
        <address>70 Codman Hill Road</address>
        <city>Boxborough</city>
        <state>Massachusetts</state>
        <country>United States</country>
        <zip_code>01719</zip_code>
        <contact_information>Nicholas Abbondante 978 635 8542 nicholas.abbondante@intertek.com</contact_information>
    </Row>
    <Row>
        <tcb_name>Intertek Testing Services NA, Inc.</tcb_name>
        <tcb_login>US0108</tcb_login>
        <approved_scope>B3</approved_scope>
        <address>70 Codman Hill Road</address>
        <city>Boxborough</city>
        <state>Massachusetts</state>
        <country>United States</country>
        <zip_code>01719</zip_code>
        <contact_information>Nicholas Abbondante 978 635 8542 nicholas.abbondante@intertek.com</contact_information>
    </Row>
    <Row>
        <tcb_name>Intertek Testing Services NA, Inc.</tcb_name>
        <tcb_login>US0108</tcb_login>
        <approved_scope>B4</approved_scope>
        <address>70 Codman Hill Road</address>
        <city>Boxborough</city>
        <state>Massachusetts</state>
        <country>United States</country>
        <zip_code>01719</zip_code>
        <contact_information>Nicholas Abbondante 978 635 8542 nicholas.abbondante@intertek.com</contact_information>
    </Row>
    <Row>
        <tcb_name>LGAI Technological Center S.A. (APPLUS)</tcb_name>
        <tcb_login>ES0002</tcb_login>
        <approved_scope>A1</approved_scope>
        <address>Ronda de la Font del Carme, s/n</address>
        <city>Barcelona</city>
        <state>N/A</state>
        <country>Spain</country>
        <zip_code>N/A</zip_code>
        <contact_information>Francisca Asensio Ferreira (+34) 93 567 20 00 elabscert@applus.com</contact_information>
    </Row>
    <Row>
        <tcb_name>LGAI Technological Center S.A. (APPLUS)</tcb_name>
        <tcb_login>ES0002</tcb_login>
        <approved_scope>A2</approved_scope>
        <address>Ronda de la Font del Carme, s/n</address>
        <city>Barcelona</city>
        <state>N/A</state>
        <country>Spain</country>
        <zip_code>N/A</zip_code>
        <contact_information>Francisca Asensio Ferreira (+34) 93 567 20 00 elabscert@applus.com</contact_information>
    </Row>
    <Row>
        <tcb_name>LGAI Technological Center S.A. (APPLUS)</tcb_name>
        <tcb_login>ES0002</tcb_login>
        <approved_scope>A4</approved_scope>
        <address>Ronda de la Font del Carme, s/n</address>
        <city>Barcelona</city>
        <state>N/A</state>
        <country>Spain</country>
        <zip_code>N/A</zip_code>
        <contact_information>Francisca Asensio Ferreira (+34) 93 567 20 00 elabscert@applus.com</contact_information>
    </Row>
    <Row>
        <tcb_name>MiCOM Labs</tcb_name>
        <tcb_login>US0159</tcb_login>
        <approved_scope>A1</approved_scope>
        <address>575 Boulder Court</address>
        <city>Pleasanton</city>
        <state>California</state>
        <country>United States</country>
        <zip_code>94566</zip_code>
        <contact_information>Gordon Hurst 925-462-0304 certification@micomlabs.com</contact_information>
    </Row>
    <Row>
        <tcb_name>MiCOM Labs</tcb_name>
        <tcb_login>US0159</tcb_login>
        <approved_scope>A2</approved_scope>
        <address>575 Boulder Court</address>
        <city>Pleasanton</city>
        <state>California</state>
        <country>United States</country>
        <zip_code>94566</zip_code>
        <contact_information>Gordon Hurst 925-462-0304 certification@micomlabs.com</contact_information>
    </Row>
    <Row>
        <tcb_name>MiCOM Labs</tcb_name>
        <tcb_login>US0159</tcb_login>
        <approved_scope>A3</approved_scope>
        <address>575 Boulder Court</address>
        <city>Pleasanton</city>
        <state>California</state>
        <country>United States</country>
        <zip_code>94566</zip_code>
        <contact_information>Gordon Hurst 925-462-0304 certification@micomlabs.com</contact_information>
    </Row>
    <Row>
        <tcb_name>MiCOM Labs</tcb_name>
        <tcb_login>US0159</tcb_login>
        <approved_scope>A4</approved_scope>
        <address>575 Boulder Court</address>
        <city>Pleasanton</city>
        <state>California</state>
        <country>United States</country>
        <zip_code>94566</zip_code>
        <contact_information>Gordon Hurst 925-462-0304 certification@micomlabs.com</contact_information>
    </Row>
    <Row>
        <tcb_name>MiCOM Labs</tcb_name>
        <tcb_login>US0159</tcb_login>
        <approved_scope>B1</approved_scope>
        <address>575 Boulder Court</address>
        <city>Pleasanton</city>
        <state>California</state>
        <country>United States</country>
        <zip_code>94566</zip_code>
        <contact_information>Gordon Hurst 925-462-0304 certification@micomlabs.com</contact_information>
    </Row>
    <Row>
        <tcb_name>MiCOM Labs</tcb_name>
        <tcb_login>US0159</tcb_login>
        <approved_scope>B2</approved_scope>
        <address>575 Boulder Court</address>
        <city>Pleasanton</city>
        <state>California</state>
        <country>United States</country>
        <zip_code>94566</zip_code>
        <contact_information>Gordon Hurst 925-462-0304 certification@micomlabs.com</contact_information>
    </Row>
    <Row>
        <tcb_name>MiCOM Labs</tcb_name>
        <tcb_login>US0159</tcb_login>
        <approved_scope>B3</approved_scope>
        <address>575 Boulder Court</address>
        <city>Pleasanton</city>
        <state>California</state>
        <country>United States</country>
        <zip_code>94566</zip_code>
        <contact_information>Gordon Hurst 925-462-0304 certification@micomlabs.com</contact_information>
    </Row>
    <Row>
        <tcb_name>MiCOM Labs</tcb_name>
        <tcb_login>US0159</tcb_login>
        <approved_scope>B4</approved_scope>
        <address>575 Boulder Court</address>
        <city>Pleasanton</city>
        <state>California</state>
        <country>United States</country>
        <zip_code>94566</zip_code>
        <contact_information>Gordon Hurst 925-462-0304 certification@micomlabs.com</contact_information>
    </Row>
    <Row>
        <tcb_name>National Technical Systems</tcb_name>
        <tcb_login>US0027</tcb_login>
        <approved_scope>A1</approved_scope>
        <address>41039 Boyce Road</address>
        <city>Fremont</city>
        <state>California</state>
        <country>United States</country>
        <zip_code>94538</zip_code>
        <contact_information>David Bare 510-578-3500 david.bare@nts.com</contact_information>
    </Row>
    <Row>
        <tcb_name>National Technical Systems</tcb_name>
        <tcb_login>US0027</tcb_login>
        <approved_scope>A2</approved_scope>
        <address>41039 Boyce Road</address>
        <city>Fremont</city>
        <state>California</state>
        <country>United States</country>
        <zip_code>94538</zip_code>
        <contact_information>David Bare 510-578-3500 david.bare@nts.com</contact_information>
    </Row>
    <Row>
        <tcb_name>National Technical Systems</tcb_name>
        <tcb_login>US0027</tcb_login>
        <approved_scope>A3</approved_scope>
        <address>41039 Boyce Road</address>
        <city>Fremont</city>
        <state>California</state>
        <country>United States</country>
        <zip_code>94538</zip_code>
        <contact_information>David Bare 510-578-3500 david.bare@nts.com</contact_information>
    </Row>
    <Row>
        <tcb_name>National Technical Systems</tcb_name>
        <tcb_login>US0027</tcb_login>
        <approved_scope>A4</approved_scope>
        <address>41039 Boyce Road</address>
        <city>Fremont</city>
        <state>California</state>
        <country>United States</country>
        <zip_code>94538</zip_code>
        <contact_information>David Bare 510-578-3500 david.bare@nts.com</contact_information>
    </Row>
    <Row>
        <tcb_name>National Technical Systems</tcb_name>
        <tcb_login>US0027</tcb_login>
        <approved_scope>B1</approved_scope>
        <address>41039 Boyce Road</address>
        <city>Fremont</city>
        <state>California</state>
        <country>United States</country>
        <zip_code>94538</zip_code>
        <contact_information>David Bare 510-578-3500 david.bare@nts.com</contact_information>
    </Row>
    <Row>
        <tcb_name>National Technical Systems</tcb_name>
        <tcb_login>US0027</tcb_login>
        <approved_scope>B2</approved_scope>
        <address>41039 Boyce Road</address>
        <city>Fremont</city>
        <state>California</state>
        <country>United States</country>
        <zip_code>94538</zip_code>
        <contact_information>David Bare 510-578-3500 david.bare@nts.com</contact_information>
    </Row>
    <Row>
        <tcb_name>National Technical Systems</tcb_name>
        <tcb_login>US0027</tcb_login>
        <approved_scope>B3</approved_scope>
        <address>41039 Boyce Road</address>
        <city>Fremont</city>
        <state>California</state>
        <country>United States</country>
        <zip_code>94538</zip_code>
        <contact_information>David Bare 510-578-3500 david.bare@nts.com</contact_information>
    </Row>
    <Row>
        <tcb_name>National Technical Systems</tcb_name>
        <tcb_login>US0027</tcb_login>
        <approved_scope>B4</approved_scope>
        <address>41039 Boyce Road</address>
        <city>Fremont</city>
        <state>California</state>
        <country>United States</country>
        <zip_code>94538</zip_code>
        <contact_information>David Bare 510-578-3500 david.bare@nts.com</contact_information>
    </Row>
    <Row>
        <tcb_name>Nemko North America, INC.</tcb_name>
        <tcb_login>CANEMK</tcb_login>
        <approved_scope>A1</approved_scope>
        <address>303 River Road</address>
        <city>Ottawa, Ontario</city>
        <state>N/A</state>
        <country>Canada</country>
        <zip_code>K1V 1H2</zip_code>
        <contact_information>Stuart Beck 613-737-9680 stuart.beck@nemko.com</contact_information>
    </Row>
    <Row>
        <tcb_name>Nemko North America, INC.</tcb_name>
        <tcb_login>CANEMK</tcb_login>
        <approved_scope>A2</approved_scope>
        <address>303 River Road</address>
        <city>Ottawa, Ontario</city>
        <state>N/A</state>
        <country>Canada</country>
        <zip_code>K1V 1H2</zip_code>
        <contact_information>Stuart Beck 613-737-9680 stuart.beck@nemko.com</contact_information>
    </Row>
    <Row>
        <tcb_name>Nemko North America, INC.</tcb_name>
        <tcb_login>CANEMK</tcb_login>
        <approved_scope>A3</approved_scope>
        <address>303 River Road</address>
        <city>Ottawa, Ontario</city>
        <state>N/A</state>
        <country>Canada</country>
        <zip_code>K1V 1H2</zip_code>
        <contact_information>Stuart Beck 613-737-9680 stuart.beck@nemko.com</contact_information>
    </Row>
    <Row>
        <tcb_name>Nemko North America, INC.</tcb_name>
        <tcb_login>CANEMK</tcb_login>
        <approved_scope>A4</approved_scope>
        <address>303 River Road</address>
        <city>Ottawa, Ontario</city>
        <state>N/A</state>
        <country>Canada</country>
        <zip_code>K1V 1H2</zip_code>
        <contact_information>Stuart Beck 613-737-9680 stuart.beck@nemko.com</contact_information>
    </Row>
    <Row>
        <tcb_name>Nemko North America, INC.</tcb_name>
        <tcb_login>CANEMK</tcb_login>
        <approved_scope>B1</approved_scope>
        <address>303 River Road</address>
        <city>Ottawa, Ontario</city>
        <state>N/A</state>
        <country>Canada</country>
        <zip_code>K1V 1H2</zip_code>
        <contact_information>Stuart Beck 613-737-9680 stuart.beck@nemko.com</contact_information>
    </Row>
    <Row>
        <tcb_name>Nemko North America, INC.</tcb_name>
        <tcb_login>CANEMK</tcb_login>
        <approved_scope>B2</approved_scope>
        <address>303 River Road</address>
        <city>Ottawa, Ontario</city>
        <state>N/A</state>
        <country>Canada</country>
        <zip_code>K1V 1H2</zip_code>
        <contact_information>Stuart Beck 613-737-9680 stuart.beck@nemko.com</contact_information>
    </Row>
    <Row>
        <tcb_name>Nemko North America, INC.</tcb_name>
        <tcb_login>CANEMK</tcb_login>
        <approved_scope>B3</approved_scope>
        <address>303 River Road</address>
        <city>Ottawa, Ontario</city>
        <state>N/A</state>
        <country>Canada</country>
        <zip_code>K1V 1H2</zip_code>
        <contact_information>Stuart Beck 613-737-9680 stuart.beck@nemko.com</contact_information>
    </Row>
    <Row>
        <tcb_name>Nemko North America, INC.</tcb_name>
        <tcb_login>CANEMK</tcb_login>
        <approved_scope>B4</approved_scope>
        <address>303 River Road</address>
        <city>Ottawa, Ontario</city>
        <state>N/A</state>
        <country>Canada</country>
        <zip_code>K1V 1H2</zip_code>
        <contact_information>Stuart Beck 613-737-9680 stuart.beck@nemko.com</contact_information>
    </Row>
    <Row>
        <tcb_name>North American EMC Certification Services Inc</tcb_name>
        <tcb_login>CA0100</tcb_login>
        <approved_scope>A1</approved_scope>
        <address>24889 Ferguson Ave</address>
        <city>Maple Ridge, BC</city>
        <state>N/A</state>
        <country>Canada</country>
        <zip_code>N/A</zip_code>
        <contact_information>Sandy Cheng 604-466-5978 sandy.cheng@nacsemc.com</contact_information>
    </Row>
    <Row>
        <tcb_name>North American EMC Certification Services Inc</tcb_name>
        <tcb_login>CA0100</tcb_login>
        <approved_scope>A2</approved_scope>
        <address>24889 Ferguson Ave</address>
        <city>Maple Ridge, BC</city>
        <state>N/A</state>
        <country>Canada</country>
        <zip_code>N/A</zip_code>
        <contact_information>Sandy Cheng 604-466-5978 sandy.cheng@nacsemc.com</contact_information>
    </Row>
    <Row>
        <tcb_name>North American EMC Certification Services Inc</tcb_name>
        <tcb_login>CA0100</tcb_login>
        <approved_scope>A3</approved_scope>
        <address>24889 Ferguson Ave</address>
        <city>Maple Ridge, BC</city>
        <state>N/A</state>
        <country>Canada</country>
        <zip_code>N/A</zip_code>
        <contact_information>Sandy Cheng 604-466-5978 sandy.cheng@nacsemc.com</contact_information>
    </Row>
    <Row>
        <tcb_name>North American EMC Certification Services Inc</tcb_name>
        <tcb_login>CA0100</tcb_login>
        <approved_scope>A4</approved_scope>
        <address>24889 Ferguson Ave</address>
        <city>Maple Ridge, BC</city>
        <state>N/A</state>
        <country>Canada</country>
        <zip_code>N/A</zip_code>
        <contact_information>Sandy Cheng 604-466-5978 sandy.cheng@nacsemc.com</contact_information>
    </Row>
    <Row>
        <tcb_name>North American EMC Certification Services Inc</tcb_name>
        <tcb_login>CA0100</tcb_login>
        <approved_scope>B1</approved_scope>
        <address>24889 Ferguson Ave</address>
        <city>Maple Ridge, BC</city>
        <state>N/A</state>
        <country>Canada</country>
        <zip_code>N/A</zip_code>
        <contact_information>Sandy Cheng 604-466-5978 sandy.cheng@nacsemc.com</contact_information>
    </Row>
    <Row>
        <tcb_name>North American EMC Certification Services Inc</tcb_name>
        <tcb_login>CA0100</tcb_login>
        <approved_scope>B2</approved_scope>
        <address>24889 Ferguson Ave</address>
        <city>Maple Ridge, BC</city>
        <state>N/A</state>
        <country>Canada</country>
        <zip_code>N/A</zip_code>
        <contact_information>Sandy Cheng 604-466-5978 sandy.cheng@nacsemc.com</contact_information>
    </Row>
    <Row>
        <tcb_name>North American EMC Certification Services Inc</tcb_name>
        <tcb_login>CA0100</tcb_login>
        <approved_scope>B3</approved_scope>
        <address>24889 Ferguson Ave</address>
        <city>Maple Ridge, BC</city>
        <state>N/A</state>
        <country>Canada</country>
        <zip_code>N/A</zip_code>
        <contact_information>Sandy Cheng 604-466-5978 sandy.cheng@nacsemc.com</contact_information>
    </Row>
    <Row>
        <tcb_name>North American EMC Certification Services Inc</tcb_name>
        <tcb_login>CA0100</tcb_login>
        <approved_scope>B4</approved_scope>
        <address>24889 Ferguson Ave</address>
        <city>Maple Ridge, BC</city>
        <state>N/A</state>
        <country>Canada</country>
        <zip_code>N/A</zip_code>
        <contact_information>Sandy Cheng 604-466-5978 sandy.cheng@nacsemc.com</contact_information>
    </Row>
    <Row>
        <tcb_name>PCTEST Engineering Laboratory, Inc.</tcb_name>
        <tcb_login>US0110</tcb_login>
        <approved_scope>A1</approved_scope>
        <address>7185 Oakland Mills Road</address>
        <city>Columbia</city>
        <state>Maryland</state>
        <country>United States</country>
        <zip_code>21046</zip_code>
        <contact_information>Randy Ortanez 410-290-6652 randy.ortanez@pctest.com</contact_information>
    </Row>
    <Row>
        <tcb_name>PCTEST Engineering Laboratory, Inc.</tcb_name>
        <tcb_login>US0110</tcb_login>
        <approved_scope>A2</approved_scope>
        <address>7185 Oakland Mills Road</address>
        <city>Columbia</city>
        <state>Maryland</state>
        <country>United States</country>
        <zip_code>21046</zip_code>
        <contact_information>Randy Ortanez 410-290-6652 randy.ortanez@pctest.com</contact_information>
    </Row>
    <Row>
        <tcb_name>PCTEST Engineering Laboratory, Inc.</tcb_name>
        <tcb_login>US0110</tcb_login>
        <approved_scope>A3</approved_scope>
        <address>7185 Oakland Mills Road</address>
        <city>Columbia</city>
        <state>Maryland</state>
        <country>United States</country>
        <zip_code>21046</zip_code>
        <contact_information>Randy Ortanez 410-290-6652 randy.ortanez@pctest.com</contact_information>
    </Row>
    <Row>
        <tcb_name>PCTEST Engineering Laboratory, Inc.</tcb_name>
        <tcb_login>US0110</tcb_login>
        <approved_scope>A4</approved_scope>
        <address>7185 Oakland Mills Road</address>
        <city>Columbia</city>
        <state>Maryland</state>
        <country>United States</country>
        <zip_code>21046</zip_code>
        <contact_information>Randy Ortanez 410-290-6652 randy.ortanez@pctest.com</contact_information>
    </Row>
    <Row>
        <tcb_name>PCTEST Engineering Laboratory, Inc.</tcb_name>
        <tcb_login>US0110</tcb_login>
        <approved_scope>B1</approved_scope>
        <address>7185 Oakland Mills Road</address>
        <city>Columbia</city>
        <state>Maryland</state>
        <country>United States</country>
        <zip_code>21046</zip_code>
        <contact_information>Randy Ortanez 410-290-6652 randy.ortanez@pctest.com</contact_information>
    </Row>
    <Row>
        <tcb_name>PCTEST Engineering Laboratory, Inc.</tcb_name>
        <tcb_login>US0110</tcb_login>
        <approved_scope>B2</approved_scope>
        <address>7185 Oakland Mills Road</address>
        <city>Columbia</city>
        <state>Maryland</state>
        <country>United States</country>
        <zip_code>21046</zip_code>
        <contact_information>Randy Ortanez 410-290-6652 randy.ortanez@pctest.com</contact_information>
    </Row>
    <Row>
        <tcb_name>PCTEST Engineering Laboratory, Inc.</tcb_name>
        <tcb_login>US0110</tcb_login>
        <approved_scope>B3</approved_scope>
        <address>7185 Oakland Mills Road</address>
        <city>Columbia</city>
        <state>Maryland</state>
        <country>United States</country>
        <zip_code>21046</zip_code>
        <contact_information>Randy Ortanez 410-290-6652 randy.ortanez@pctest.com</contact_information>
    </Row>
    <Row>
        <tcb_name>PCTEST Engineering Laboratory, Inc.</tcb_name>
        <tcb_login>US0110</tcb_login>
        <approved_scope>B4</approved_scope>
        <address>7185 Oakland Mills Road</address>
        <city>Columbia</city>
        <state>Maryland</state>
        <country>United States</country>
        <zip_code>21046</zip_code>
        <contact_information>Randy Ortanez 410-290-6652 randy.ortanez@pctest.com</contact_information>
    </Row>
    <Row>
        <tcb_name>PHOENIX TESTLAB GmbH</tcb_name>
        <tcb_login>DE0003</tcb_login>
        <approved_scope>A1</approved_scope>
        <address>Koenigswinkel 10</address>
        <city>32825 Blomberg</city>
        <state>N/A</state>
        <country>Germany</country>
        <zip_code>N/A</zip_code>
        <contact_information>Holger Bentje 49-5235-9500-24 office@phoenix-testlab.de</contact_information>
    </Row>
    <Row>
        <tcb_name>PHOENIX TESTLAB GmbH</tcb_name>
        <tcb_login>DE0003</tcb_login>
        <approved_scope>A2</approved_scope>
        <address>Koenigswinkel 10</address>
        <city>32825 Blomberg</city>
        <state>N/A</state>
        <country>Germany</country>
        <zip_code>N/A</zip_code>
        <contact_information>Holger Bentje 49-5235-9500-24 office@phoenix-testlab.de</contact_information>
    </Row>
    <Row>
        <tcb_name>PHOENIX TESTLAB GmbH</tcb_name>
        <tcb_login>DE0003</tcb_login>
        <approved_scope>A3</approved_scope>
        <address>Koenigswinkel 10</address>
        <city>32825 Blomberg</city>
        <state>N/A</state>
        <country>Germany</country>
        <zip_code>N/A</zip_code>
        <contact_information>Holger Bentje 49-5235-9500-24 office@phoenix-testlab.de</contact_information>
    </Row>
    <Row>
        <tcb_name>PHOENIX TESTLAB GmbH</tcb_name>
        <tcb_login>DE0003</tcb_login>
        <approved_scope>A4</approved_scope>
        <address>Koenigswinkel 10</address>
        <city>32825 Blomberg</city>
        <state>N/A</state>
        <country>Germany</country>
        <zip_code>N/A</zip_code>
        <contact_information>Holger Bentje 49-5235-9500-24 office@phoenix-testlab.de</contact_information>
    </Row>
    <Row>
        <tcb_name>PHOENIX TESTLAB GmbH</tcb_name>
        <tcb_login>DE0003</tcb_login>
        <approved_scope>B1</approved_scope>
        <address>Koenigswinkel 10</address>
        <city>32825 Blomberg</city>
        <state>N/A</state>
        <country>Germany</country>
        <zip_code>N/A</zip_code>
        <contact_information>Holger Bentje 49-5235-9500-24 office@phoenix-testlab.de</contact_information>
    </Row>
    <Row>
        <tcb_name>PHOENIX TESTLAB GmbH</tcb_name>
        <tcb_login>DE0003</tcb_login>
        <approved_scope>B2</approved_scope>
        <address>Koenigswinkel 10</address>
        <city>32825 Blomberg</city>
        <state>N/A</state>
        <country>Germany</country>
        <zip_code>N/A</zip_code>
        <contact_information>Holger Bentje 49-5235-9500-24 office@phoenix-testlab.de</contact_information>
    </Row>
    <Row>
        <tcb_name>PHOENIX TESTLAB GmbH</tcb_name>
        <tcb_login>DE0003</tcb_login>
        <approved_scope>B3</approved_scope>
        <address>Koenigswinkel 10</address>
        <city>32825 Blomberg</city>
        <state>N/A</state>
        <country>Germany</country>
        <zip_code>N/A</zip_code>
        <contact_information>Holger Bentje 49-5235-9500-24 office@phoenix-testlab.de</contact_information>
    </Row>
    <Row>
        <tcb_name>PHOENIX TESTLAB GmbH</tcb_name>
        <tcb_login>DE0003</tcb_login>
        <approved_scope>B4</approved_scope>
        <address>Koenigswinkel 10</address>
        <city>32825 Blomberg</city>
        <state>N/A</state>
        <country>Germany</country>
        <zip_code>N/A</zip_code>
        <contact_information>Holger Bentje 49-5235-9500-24 office@phoenix-testlab.de</contact_information>
    </Row>
    <Row>
        <tcb_name>RISE Research Institutes of Sweden AB</tcb_name>
        <tcb_login>SE0001</tcb_login>
        <approved_scope>A1</approved_scope>
        <address>Box 857</address>
        <city>S-50115 Boraas</city>
        <state>N/A</state>
        <country>Sweden</country>
        <zip_code>S-501 15</zip_code>
        <contact_information>Tomas Bodeklint 46-10-516-55-92 tomas.bodeklint@ri.se</contact_information>
    </Row>
    <Row>
        <tcb_name>RISE Research Institutes of Sweden AB</tcb_name>
        <tcb_login>SE0001</tcb_login>
        <approved_scope>A2</approved_scope>
        <address>Box 857</address>
        <city>S-50115 Boraas</city>
        <state>N/A</state>
        <country>Sweden</country>
        <zip_code>S-501 15</zip_code>
        <contact_information>Tomas Bodeklint 46-10-516-55-92 tomas.bodeklint@ri.se</contact_information>
    </Row>
    <Row>
        <tcb_name>RISE Research Institutes of Sweden AB</tcb_name>
        <tcb_login>SE0001</tcb_login>
        <approved_scope>A3</approved_scope>
        <address>Box 857</address>
        <city>S-50115 Boraas</city>
        <state>N/A</state>
        <country>Sweden</country>
        <zip_code>S-501 15</zip_code>
        <contact_information>Tomas Bodeklint 46-10-516-55-92 tomas.bodeklint@ri.se</contact_information>
    </Row>
    <Row>
        <tcb_name>RISE Research Institutes of Sweden AB</tcb_name>
        <tcb_login>SE0001</tcb_login>
        <approved_scope>A4</approved_scope>
        <address>Box 857</address>
        <city>S-50115 Boraas</city>
        <state>N/A</state>
        <country>Sweden</country>
        <zip_code>S-501 15</zip_code>
        <contact_information>Tomas Bodeklint 46-10-516-55-92 tomas.bodeklint@ri.se</contact_information>
    </Row>
    <Row>
        <tcb_name>RISE Research Institutes of Sweden AB</tcb_name>
        <tcb_login>SE0001</tcb_login>
        <approved_scope>B1</approved_scope>
        <address>Box 857</address>
        <city>S-50115 Boraas</city>
        <state>N/A</state>
        <country>Sweden</country>
        <zip_code>S-501 15</zip_code>
        <contact_information>Tomas Bodeklint 46-10-516-55-92 tomas.bodeklint@ri.se</contact_information>
    </Row>
    <Row>
        <tcb_name>RISE Research Institutes of Sweden AB</tcb_name>
        <tcb_login>SE0001</tcb_login>
        <approved_scope>B2</approved_scope>
        <address>Box 857</address>
        <city>S-50115 Boraas</city>
        <state>N/A</state>
        <country>Sweden</country>
        <zip_code>S-501 15</zip_code>
        <contact_information>Tomas Bodeklint 46-10-516-55-92 tomas.bodeklint@ri.se</contact_information>
    </Row>
    <Row>
        <tcb_name>RISE Research Institutes of Sweden AB</tcb_name>
        <tcb_login>SE0001</tcb_login>
        <approved_scope>B4</approved_scope>
        <address>Box 857</address>
        <city>S-50115 Boraas</city>
        <state>N/A</state>
        <country>Sweden</country>
        <zip_code>S-501 15</zip_code>
        <contact_information>Tomas Bodeklint 46-10-516-55-92 tomas.bodeklint@ri.se</contact_information>
    </Row>
    <Row>
        <tcb_name>SGS North America, Inc.</tcb_name>
        <tcb_login>US0186</tcb_login>
        <approved_scope>A1</approved_scope>
        <address>620 Old Peachtree Road NW       Suite 100</address>
        <city>Suwanee</city>
        <state>Georgia</state>
        <country>United States</country>
        <zip_code>30024</zip_code>
        <contact_information>Dustin Oaks 770-570-1836 dustin.oaks@sgs.com</contact_information>
    </Row>
    <Row>
        <tcb_name>SGS North America, Inc.</tcb_name>
        <tcb_login>US0186</tcb_login>
        <approved_scope>A2</approved_scope>
        <address>620 Old Peachtree Road NW       Suite 100</address>
        <city>Suwanee</city>
        <state>Georgia</state>
        <country>United States</country>
        <zip_code>30024</zip_code>
        <contact_information>Dustin Oaks 770-570-1836 dustin.oaks@sgs.com</contact_information>
    </Row>
    <Row>
        <tcb_name>SGS North America, Inc.</tcb_name>
        <tcb_login>US0186</tcb_login>
        <approved_scope>A3</approved_scope>
        <address>620 Old Peachtree Road NW       Suite 100</address>
        <city>Suwanee</city>
        <state>Georgia</state>
        <country>United States</country>
        <zip_code>30024</zip_code>
        <contact_information>Dustin Oaks 770-570-1836 dustin.oaks@sgs.com</contact_information>
    </Row>
    <Row>
        <tcb_name>SGS North America, Inc.</tcb_name>
        <tcb_login>US0186</tcb_login>
        <approved_scope>A4</approved_scope>
        <address>620 Old Peachtree Road NW       Suite 100</address>
        <city>Suwanee</city>
        <state>Georgia</state>
        <country>United States</country>
        <zip_code>30024</zip_code>
        <contact_information>Dustin Oaks 770-570-1836 dustin.oaks@sgs.com</contact_information>
    </Row>
    <Row>
        <tcb_name>SGS North America, Inc.</tcb_name>
        <tcb_login>US0186</tcb_login>
        <approved_scope>B1</approved_scope>
        <address>620 Old Peachtree Road NW       Suite 100</address>
        <city>Suwanee</city>
        <state>Georgia</state>
        <country>United States</country>
        <zip_code>30024</zip_code>
        <contact_information>Dustin Oaks 770-570-1836 dustin.oaks@sgs.com</contact_information>
    </Row>
    <Row>
        <tcb_name>SGS North America, Inc.</tcb_name>
        <tcb_login>US0186</tcb_login>
        <approved_scope>B2</approved_scope>
        <address>620 Old Peachtree Road NW       Suite 100</address>
        <city>Suwanee</city>
        <state>Georgia</state>
        <country>United States</country>
        <zip_code>30024</zip_code>
        <contact_information>Dustin Oaks 770-570-1836 dustin.oaks@sgs.com</contact_information>
    </Row>
    <Row>
        <tcb_name>SGS North America, Inc.</tcb_name>
        <tcb_login>US0186</tcb_login>
        <approved_scope>B3</approved_scope>
        <address>620 Old Peachtree Road NW       Suite 100</address>
        <city>Suwanee</city>
        <state>Georgia</state>
        <country>United States</country>
        <zip_code>30024</zip_code>
        <contact_information>Dustin Oaks 770-570-1836 dustin.oaks@sgs.com</contact_information>
    </Row>
    <Row>
        <tcb_name>SGS North America, Inc.</tcb_name>
        <tcb_login>US0186</tcb_login>
        <approved_scope>B4</approved_scope>
        <address>620 Old Peachtree Road NW       Suite 100</address>
        <city>Suwanee</city>
        <state>Georgia</state>
        <country>United States</country>
        <zip_code>30024</zip_code>
        <contact_information>Dustin Oaks 770-570-1836 dustin.oaks@sgs.com</contact_information>
    </Row>
    <Row>
        <tcb_name>TUV Austria Services GmbH</tcb_name>
        <tcb_login>AT0001</tcb_login>
        <approved_scope>A1</approved_scope>
        <address>Deutschstrasse 10</address>
        <city>Wien</city>
        <state>N/A</state>
        <country>Austria</country>
        <zip_code>A-1230</zip_code>
        <contact_information>Wilhelm Seier 43-1-610-91-6530 emv@tuv.at</contact_information>
    </Row>
    <Row>
        <tcb_name>TUV Austria Services GmbH</tcb_name>
        <tcb_login>AT0001</tcb_login>
        <approved_scope>A2</approved_scope>
        <address>Deutschstrasse 10</address>
        <city>Wien</city>
        <state>N/A</state>
        <country>Austria</country>
        <zip_code>A-1230</zip_code>
        <contact_information>Wilhelm Seier 43-1-610-91-6530 emv@tuv.at</contact_information>
    </Row>
    <Row>
        <tcb_name>TUV Austria Services GmbH</tcb_name>
        <tcb_login>AT0001</tcb_login>
        <approved_scope>A3</approved_scope>
        <address>Deutschstrasse 10</address>
        <city>Wien</city>
        <state>N/A</state>
        <country>Austria</country>
        <zip_code>A-1230</zip_code>
        <contact_information>Wilhelm Seier 43-1-610-91-6530 emv@tuv.at</contact_information>
    </Row>
    <Row>
        <tcb_name>TUV Austria Services GmbH</tcb_name>
        <tcb_login>AT0001</tcb_login>
        <approved_scope>A4</approved_scope>
        <address>Deutschstrasse 10</address>
        <city>Wien</city>
        <state>N/A</state>
        <country>Austria</country>
        <zip_code>A-1230</zip_code>
        <contact_information>Wilhelm Seier 43-1-610-91-6530 emv@tuv.at</contact_information>
    </Row>
    <Row>
        <tcb_name>TUV Austria Services GmbH</tcb_name>
        <tcb_login>AT0001</tcb_login>
        <approved_scope>B1</approved_scope>
        <address>Deutschstrasse 10</address>
        <city>Wien</city>
        <state>N/A</state>
        <country>Austria</country>
        <zip_code>A-1230</zip_code>
        <contact_information>Wilhelm Seier 43-1-610-91-6530 emv@tuv.at</contact_information>
    </Row>
    <Row>
        <tcb_name>TUV Austria Services GmbH</tcb_name>
        <tcb_login>AT0001</tcb_login>
        <approved_scope>B2</approved_scope>
        <address>Deutschstrasse 10</address>
        <city>Wien</city>
        <state>N/A</state>
        <country>Austria</country>
        <zip_code>A-1230</zip_code>
        <contact_information>Wilhelm Seier 43-1-610-91-6530 emv@tuv.at</contact_information>
    </Row>
    <Row>
        <tcb_name>TUV Austria Services GmbH</tcb_name>
        <tcb_login>AT0001</tcb_login>
        <approved_scope>B3</approved_scope>
        <address>Deutschstrasse 10</address>
        <city>Wien</city>
        <state>N/A</state>
        <country>Austria</country>
        <zip_code>A-1230</zip_code>
        <contact_information>Wilhelm Seier 43-1-610-91-6530 emv@tuv.at</contact_information>
    </Row>
    <Row>
        <tcb_name>TUV Austria Services GmbH</tcb_name>
        <tcb_login>AT0001</tcb_login>
        <approved_scope>B4</approved_scope>
        <address>Deutschstrasse 10</address>
        <city>Wien</city>
        <state>N/A</state>
        <country>Austria</country>
        <zip_code>A-1230</zip_code>
        <contact_information>Wilhelm Seier 43-1-610-91-6530 emv@tuv.at</contact_information>
    </Row>
    <Row>
        <tcb_name>TUV Rheinland of North America, Inc.</tcb_name>
        <tcb_login>US0112</tcb_login>
        <approved_scope>A1</approved_scope>
        <address>1279 Quarry Lane       Suite A</address>
        <city>Pleasanton</city>
        <state>California</state>
        <country>United States</country>
        <zip_code>94566</zip_code>
        <contact_information>Nikolaus Wahl 925-249-9123 nwahl@us.tuv.com</contact_information>
    </Row>
    <Row>
        <tcb_name>TUV Rheinland of North America, Inc.</tcb_name>
        <tcb_login>US0112</tcb_login>
        <approved_scope>A2</approved_scope>
        <address>1279 Quarry Lane       Suite A</address>
        <city>Pleasanton</city>
        <state>California</state>
        <country>United States</country>
        <zip_code>94566</zip_code>
        <contact_information>Nikolaus Wahl 925-249-9123 nwahl@us.tuv.com</contact_information>
    </Row>
    <Row>
        <tcb_name>TUV Rheinland of North America, Inc.</tcb_name>
        <tcb_login>US0112</tcb_login>
        <approved_scope>A3</approved_scope>
        <address>1279 Quarry Lane       Suite A</address>
        <city>Pleasanton</city>
        <state>California</state>
        <country>United States</country>
        <zip_code>94566</zip_code>
        <contact_information>Nikolaus Wahl 925-249-9123 nwahl@us.tuv.com</contact_information>
    </Row>
    <Row>
        <tcb_name>TUV Rheinland of North America, Inc.</tcb_name>
        <tcb_login>US0112</tcb_login>
        <approved_scope>A4</approved_scope>
        <address>1279 Quarry Lane       Suite A</address>
        <city>Pleasanton</city>
        <state>California</state>
        <country>United States</country>
        <zip_code>94566</zip_code>
        <contact_information>Nikolaus Wahl 925-249-9123 nwahl@us.tuv.com</contact_information>
    </Row>
    <Row>
        <tcb_name>TUV Rheinland of North America, Inc.</tcb_name>
        <tcb_login>US0112</tcb_login>
        <approved_scope>B1</approved_scope>
        <address>1279 Quarry Lane       Suite A</address>
        <city>Pleasanton</city>
        <state>California</state>
        <country>United States</country>
        <zip_code>94566</zip_code>
        <contact_information>Nikolaus Wahl 925-249-9123 nwahl@us.tuv.com</contact_information>
    </Row>
    <Row>
        <tcb_name>TUV Rheinland of North America, Inc.</tcb_name>
        <tcb_login>US0112</tcb_login>
        <approved_scope>B2</approved_scope>
        <address>1279 Quarry Lane       Suite A</address>
        <city>Pleasanton</city>
        <state>California</state>
        <country>United States</country>
        <zip_code>94566</zip_code>
        <contact_information>Nikolaus Wahl 925-249-9123 nwahl@us.tuv.com</contact_information>
    </Row>
    <Row>
        <tcb_name>TUV Rheinland of North America, Inc.</tcb_name>
        <tcb_login>US0112</tcb_login>
        <approved_scope>B3</approved_scope>
        <address>1279 Quarry Lane       Suite A</address>
        <city>Pleasanton</city>
        <state>California</state>
        <country>United States</country>
        <zip_code>94566</zip_code>
        <contact_information>Nikolaus Wahl 925-249-9123 nwahl@us.tuv.com</contact_information>
    </Row>
    <Row>
        <tcb_name>TUV Rheinland of North America, Inc.</tcb_name>
        <tcb_login>US0112</tcb_login>
        <approved_scope>B4</approved_scope>
        <address>1279 Quarry Lane       Suite A</address>
        <city>Pleasanton</city>
        <state>California</state>
        <country>United States</country>
        <zip_code>94566</zip_code>
        <contact_information>Nikolaus Wahl 925-249-9123 nwahl@us.tuv.com</contact_information>
    </Row>
    <Row>
        <tcb_name>TUV SUD America Inc.</tcb_name>
        <tcb_login>US0156</tcb_login>
        <approved_scope>A1</approved_scope>
        <address>10 Centennial Drive</address>
        <city>Peabody</city>
        <state>Massachusetts</state>
        <country>United States</country>
        <zip_code>01960</zip_code>
        <contact_information>Jeff Woods 678-341-5925 jwoods@tuvam.com</contact_information>
    </Row>
    <Row>
        <tcb_name>TUV SUD America Inc.</tcb_name>
        <tcb_login>US0156</tcb_login>
        <approved_scope>A2</approved_scope>
        <address>10 Centennial Drive</address>
        <city>Peabody</city>
        <state>Massachusetts</state>
        <country>United States</country>
        <zip_code>01960</zip_code>
        <contact_information>Jeff Woods 678-341-5925 jwoods@tuvam.com</contact_information>
    </Row>
    <Row>
        <tcb_name>TUV SUD America Inc.</tcb_name>
        <tcb_login>US0156</tcb_login>
        <approved_scope>A3</approved_scope>
        <address>10 Centennial Drive</address>
        <city>Peabody</city>
        <state>Massachusetts</state>
        <country>United States</country>
        <zip_code>01960</zip_code>
        <contact_information>Jeff Woods 678-341-5925 jwoods@tuvam.com</contact_information>
    </Row>
    <Row>
        <tcb_name>TUV SUD America Inc.</tcb_name>
        <tcb_login>US0156</tcb_login>
        <approved_scope>A4</approved_scope>
        <address>10 Centennial Drive</address>
        <city>Peabody</city>
        <state>Massachusetts</state>
        <country>United States</country>
        <zip_code>01960</zip_code>
        <contact_information>Jeff Woods 678-341-5925 jwoods@tuvam.com</contact_information>
    </Row>
    <Row>
        <tcb_name>TUV SUD America Inc.</tcb_name>
        <tcb_login>US0156</tcb_login>
        <approved_scope>B1</approved_scope>
        <address>10 Centennial Drive</address>
        <city>Peabody</city>
        <state>Massachusetts</state>
        <country>United States</country>
        <zip_code>01960</zip_code>
        <contact_information>Jeff Woods 678-341-5925 jwoods@tuvam.com</contact_information>
    </Row>
    <Row>
        <tcb_name>TUV SUD America Inc.</tcb_name>
        <tcb_login>US0156</tcb_login>
        <approved_scope>B2</approved_scope>
        <address>10 Centennial Drive</address>
        <city>Peabody</city>
        <state>Massachusetts</state>
        <country>United States</country>
        <zip_code>01960</zip_code>
        <contact_information>Jeff Woods 678-341-5925 jwoods@tuvam.com</contact_information>
    </Row>
    <Row>
        <tcb_name>TUV SUD America Inc.</tcb_name>
        <tcb_login>US0156</tcb_login>
        <approved_scope>B3</approved_scope>
        <address>10 Centennial Drive</address>
        <city>Peabody</city>
        <state>Massachusetts</state>
        <country>United States</country>
        <zip_code>01960</zip_code>
        <contact_information>Jeff Woods 678-341-5925 jwoods@tuvam.com</contact_information>
    </Row>
    <Row>
        <tcb_name>TUV SUD America Inc.</tcb_name>
        <tcb_login>US0156</tcb_login>
        <approved_scope>B4</approved_scope>
        <address>10 Centennial Drive</address>
        <city>Peabody</city>
        <state>Massachusetts</state>
        <country>United States</country>
        <zip_code>01960</zip_code>
        <contact_information>Jeff Woods 678-341-5925 jwoods@tuvam.com</contact_information>
    </Row>
    <Row>
        <tcb_name>TUV SUD BABT</tcb_name>
        <tcb_login>UK0004</tcb_login>
        <approved_scope>A1</approved_scope>
        <address>Octagon House, Concorde Way,       Segensworth North,</address>
        <city>Fareham</city>
        <state>N/A</state>
        <country>United Kingdom</country>
        <zip_code>PO15 5RL</zip_code>
        <contact_information>Mark Jenkins ++441489558258 mark.jenkins@tuv-sud.co.uk</contact_information>
    </Row>
    <Row>
        <tcb_name>TUV SUD BABT</tcb_name>
        <tcb_login>UK0004</tcb_login>
        <approved_scope>A2</approved_scope>
        <address>Octagon House, Concorde Way,       Segensworth North,</address>
        <city>Fareham</city>
        <state>N/A</state>
        <country>United Kingdom</country>
        <zip_code>PO15 5RL</zip_code>
        <contact_information>Mark Jenkins ++441489558258 mark.jenkins@tuv-sud.co.uk</contact_information>
    </Row>
    <Row>
        <tcb_name>TUV SUD BABT</tcb_name>
        <tcb_login>UK0004</tcb_login>
        <approved_scope>A3</approved_scope>
        <address>Octagon House, Concorde Way,       Segensworth North,</address>
        <city>Fareham</city>
        <state>N/A</state>
        <country>United Kingdom</country>
        <zip_code>PO15 5RL</zip_code>
        <contact_information>Mark Jenkins ++441489558258 mark.jenkins@tuv-sud.co.uk</contact_information>
    </Row>
    <Row>
        <tcb_name>TUV SUD BABT</tcb_name>
        <tcb_login>UK0004</tcb_login>
        <approved_scope>A4</approved_scope>
        <address>Octagon House, Concorde Way,       Segensworth North,</address>
        <city>Fareham</city>
        <state>N/A</state>
        <country>United Kingdom</country>
        <zip_code>PO15 5RL</zip_code>
        <contact_information>Mark Jenkins ++441489558258 mark.jenkins@tuv-sud.co.uk</contact_information>
    </Row>
    <Row>
        <tcb_name>TUV SUD BABT</tcb_name>
        <tcb_login>UK0004</tcb_login>
        <approved_scope>B1</approved_scope>
        <address>Octagon House, Concorde Way,       Segensworth North,</address>
        <city>Fareham</city>
        <state>N/A</state>
        <country>United Kingdom</country>
        <zip_code>PO15 5RL</zip_code>
        <contact_information>Mark Jenkins ++441489558258 mark.jenkins@tuv-sud.co.uk</contact_information>
    </Row>
    <Row>
        <tcb_name>TUV SUD BABT</tcb_name>
        <tcb_login>UK0004</tcb_login>
        <approved_scope>B2</approved_scope>
        <address>Octagon House, Concorde Way,       Segensworth North,</address>
        <city>Fareham</city>
        <state>N/A</state>
        <country>United Kingdom</country>
        <zip_code>PO15 5RL</zip_code>
        <contact_information>Mark Jenkins ++441489558258 mark.jenkins@tuv-sud.co.uk</contact_information>
    </Row>
    <Row>
        <tcb_name>TUV SUD BABT</tcb_name>
        <tcb_login>UK0004</tcb_login>
        <approved_scope>B3</approved_scope>
        <address>Octagon House, Concorde Way,       Segensworth North,</address>
        <city>Fareham</city>
        <state>N/A</state>
        <country>United Kingdom</country>
        <zip_code>PO15 5RL</zip_code>
        <contact_information>Mark Jenkins ++441489558258 mark.jenkins@tuv-sud.co.uk</contact_information>
    </Row>
    <Row>
        <tcb_name>TUV SUD BABT</tcb_name>
        <tcb_login>UK0004</tcb_login>
        <approved_scope>B4</approved_scope>
        <address>Octagon House, Concorde Way,       Segensworth North,</address>
        <city>Fareham</city>
        <state>N/A</state>
        <country>United Kingdom</country>
        <zip_code>PO15 5RL</zip_code>
        <contact_information>Mark Jenkins ++441489558258 mark.jenkins@tuv-sud.co.uk</contact_information>
    </Row>
    <Row>
        <tcb_name>TUV SUD PSB Pte Ltd</tcb_name>
        <tcb_login>SGAP02</tcb_login>
        <approved_scope>A1</approved_scope>
        <address>Certification and Inspection       No.1 Science Park Drive</address>
        <city>Singapore</city>
        <state>N/A</state>
        <country>Singapore</country>
        <zip_code>118221</zip_code>
        <contact_information>Swee Gee Chay-Lee (65)-6885-1354 sweegee.chay@tuv-sud-psb.sg</contact_information>
    </Row>
    <Row>
        <tcb_name>TUV SUD PSB Pte Ltd</tcb_name>
        <tcb_login>SGAP02</tcb_login>
        <approved_scope>A2</approved_scope>
        <address>Certification and Inspection       No.1 Science Park Drive</address>
        <city>Singapore</city>
        <state>N/A</state>
        <country>Singapore</country>
        <zip_code>118221</zip_code>
        <contact_information>Swee Gee Chay-Lee (65)-6885-1354 sweegee.chay@tuv-sud-psb.sg</contact_information>
    </Row>
    <Row>
        <tcb_name>TUV SUD PSB Pte Ltd</tcb_name>
        <tcb_login>SGAP02</tcb_login>
        <approved_scope>A3</approved_scope>
        <address>Certification and Inspection       No.1 Science Park Drive</address>
        <city>Singapore</city>
        <state>N/A</state>
        <country>Singapore</country>
        <zip_code>118221</zip_code>
        <contact_information>Swee Gee Chay-Lee (65)-6885-1354 sweegee.chay@tuv-sud-psb.sg</contact_information>
    </Row>
    <Row>
        <tcb_name>TUV SUD PSB Pte Ltd</tcb_name>
        <tcb_login>SGAP02</tcb_login>
        <approved_scope>A4</approved_scope>
        <address>Certification and Inspection       No.1 Science Park Drive</address>
        <city>Singapore</city>
        <state>N/A</state>
        <country>Singapore</country>
        <zip_code>118221</zip_code>
        <contact_information>Swee Gee Chay-Lee (65)-6885-1354 sweegee.chay@tuv-sud-psb.sg</contact_information>
    </Row>
    <Row>
        <tcb_name>TUV SUD PSB Pte Ltd</tcb_name>
        <tcb_login>SGAP02</tcb_login>
        <approved_scope>B1</approved_scope>
        <address>Certification and Inspection       No.1 Science Park Drive</address>
        <city>Singapore</city>
        <state>N/A</state>
        <country>Singapore</country>
        <zip_code>118221</zip_code>
        <contact_information>Swee Gee Chay-Lee (65)-6885-1354 sweegee.chay@tuv-sud-psb.sg</contact_information>
    </Row>
    <Row>
        <tcb_name>TUV SUD PSB Pte Ltd</tcb_name>
        <tcb_login>SGAP02</tcb_login>
        <approved_scope>B2</approved_scope>
        <address>Certification and Inspection       No.1 Science Park Drive</address>
        <city>Singapore</city>
        <state>N/A</state>
        <country>Singapore</country>
        <zip_code>118221</zip_code>
        <contact_information>Swee Gee Chay-Lee (65)-6885-1354 sweegee.chay@tuv-sud-psb.sg</contact_information>
    </Row>
    <Row>
        <tcb_name>TUV SUD PSB Pte Ltd</tcb_name>
        <tcb_login>SGAP02</tcb_login>
        <approved_scope>B3</approved_scope>
        <address>Certification and Inspection       No.1 Science Park Drive</address>
        <city>Singapore</city>
        <state>N/A</state>
        <country>Singapore</country>
        <zip_code>118221</zip_code>
        <contact_information>Swee Gee Chay-Lee (65)-6885-1354 sweegee.chay@tuv-sud-psb.sg</contact_information>
    </Row>
    <Row>
        <tcb_name>TUV SUD PSB Pte Ltd</tcb_name>
        <tcb_login>SGAP02</tcb_login>
        <approved_scope>B4</approved_scope>
        <address>Certification and Inspection       No.1 Science Park Drive</address>
        <city>Singapore</city>
        <state>N/A</state>
        <country>Singapore</country>
        <zip_code>118221</zip_code>
        <contact_information>Swee Gee Chay-Lee (65)-6885-1354 sweegee.chay@tuv-sud-psb.sg</contact_information>
    </Row>
    <Row>
        <tcb_name>Telefication B.V.</tcb_name>
        <tcb_login>NL0001</tcb_login>
        <approved_scope>A1</approved_scope>
        <address>Edisonstraat 12a</address>
        <city>Zevenaar</city>
        <state>N/A</state>
        <country>Netherlands</country>
        <zip_code>NL-6902 PK</zip_code>
        <contact_information>W.J.M. Jong 31-889983600 certification@telefication.com</contact_information>
    </Row>
    <Row>
        <tcb_name>Telefication B.V.</tcb_name>
        <tcb_login>NL0001</tcb_login>
        <approved_scope>A2</approved_scope>
        <address>Edisonstraat 12a</address>
        <city>Zevenaar</city>
        <state>N/A</state>
        <country>Netherlands</country>
        <zip_code>NL-6902 PK</zip_code>
        <contact_information>W.J.M. Jong 31-889983600 certification@telefication.com</contact_information>
    </Row>
    <Row>
        <tcb_name>Telefication B.V.</tcb_name>
        <tcb_login>NL0001</tcb_login>
        <approved_scope>A3</approved_scope>
        <address>Edisonstraat 12a</address>
        <city>Zevenaar</city>
        <state>N/A</state>
        <country>Netherlands</country>
        <zip_code>NL-6902 PK</zip_code>
        <contact_information>W.J.M. Jong 31-889983600 certification@telefication.com</contact_information>
    </Row>
    <Row>
        <tcb_name>Telefication B.V.</tcb_name>
        <tcb_login>NL0001</tcb_login>
        <approved_scope>A4</approved_scope>
        <address>Edisonstraat 12a</address>
        <city>Zevenaar</city>
        <state>N/A</state>
        <country>Netherlands</country>
        <zip_code>NL-6902 PK</zip_code>
        <contact_information>W.J.M. Jong 31-889983600 certification@telefication.com</contact_information>
    </Row>
    <Row>
        <tcb_name>Telefication B.V.</tcb_name>
        <tcb_login>NL0001</tcb_login>
        <approved_scope>B1</approved_scope>
        <address>Edisonstraat 12a</address>
        <city>Zevenaar</city>
        <state>N/A</state>
        <country>Netherlands</country>
        <zip_code>NL-6902 PK</zip_code>
        <contact_information>W.J.M. Jong 31-889983600 certification@telefication.com</contact_information>
    </Row>
    <Row>
        <tcb_name>Telefication B.V.</tcb_name>
        <tcb_login>NL0001</tcb_login>
        <approved_scope>B2</approved_scope>
        <address>Edisonstraat 12a</address>
        <city>Zevenaar</city>
        <state>N/A</state>
        <country>Netherlands</country>
        <zip_code>NL-6902 PK</zip_code>
        <contact_information>W.J.M. Jong 31-889983600 certification@telefication.com</contact_information>
    </Row>
    <Row>
        <tcb_name>Telefication B.V.</tcb_name>
        <tcb_login>NL0001</tcb_login>
        <approved_scope>B3</approved_scope>
        <address>Edisonstraat 12a</address>
        <city>Zevenaar</city>
        <state>N/A</state>
        <country>Netherlands</country>
        <zip_code>NL-6902 PK</zip_code>
        <contact_information>W.J.M. Jong 31-889983600 certification@telefication.com</contact_information>
    </Row>
    <Row>
        <tcb_name>Telefication B.V.</tcb_name>
        <tcb_login>NL0001</tcb_login>
        <approved_scope>B4</approved_scope>
        <address>Edisonstraat 12a</address>
        <city>Zevenaar</city>
        <state>N/A</state>
        <country>Netherlands</country>
        <zip_code>NL-6902 PK</zip_code>
        <contact_information>W.J.M. Jong 31-889983600 certification@telefication.com</contact_information>
    </Row>
    <Row>
        <tcb_name>Timco Engineering, Inc.</tcb_name>
        <tcb_login>US0111</tcb_login>
        <approved_scope>A1</approved_scope>
        <address>849 NW State Road 45</address>
        <city>Newberry</city>
        <state>Florida</state>
        <country>United States</country>
        <zip_code>32669</zip_code>
        <contact_information>Bruno Clavier 352-472-5500 bruno.clavier@timcoengr.com</contact_information>
    </Row>
    <Row>
        <tcb_name>Timco Engineering, Inc.</tcb_name>
        <tcb_login>US0111</tcb_login>
        <approved_scope>A2</approved_scope>
        <address>849 NW State Road 45</address>
        <city>Newberry</city>
        <state>Florida</state>
        <country>United States</country>
        <zip_code>32669</zip_code>
        <contact_information>Bruno Clavier 352-472-5500 bruno.clavier@timcoengr.com</contact_information>
    </Row>
    <Row>
        <tcb_name>Timco Engineering, Inc.</tcb_name>
        <tcb_login>US0111</tcb_login>
        <approved_scope>A3</approved_scope>
        <address>849 NW State Road 45</address>
        <city>Newberry</city>
        <state>Florida</state>
        <country>United States</country>
        <zip_code>32669</zip_code>
        <contact_information>Bruno Clavier 352-472-5500 bruno.clavier@timcoengr.com</contact_information>
    </Row>
    <Row>
        <tcb_name>Timco Engineering, Inc.</tcb_name>
        <tcb_login>US0111</tcb_login>
        <approved_scope>A4</approved_scope>
        <address>849 NW State Road 45</address>
        <city>Newberry</city>
        <state>Florida</state>
        <country>United States</country>
        <zip_code>32669</zip_code>
        <contact_information>Bruno Clavier 352-472-5500 bruno.clavier@timcoengr.com</contact_information>
    </Row>
    <Row>
        <tcb_name>Timco Engineering, Inc.</tcb_name>
        <tcb_login>US0111</tcb_login>
        <approved_scope>B1</approved_scope>
        <address>849 NW State Road 45</address>
        <city>Newberry</city>
        <state>Florida</state>
        <country>United States</country>
        <zip_code>32669</zip_code>
        <contact_information>Bruno Clavier 352-472-5500 bruno.clavier@timcoengr.com</contact_information>
    </Row>
    <Row>
        <tcb_name>Timco Engineering, Inc.</tcb_name>
        <tcb_login>US0111</tcb_login>
        <approved_scope>B2</approved_scope>
        <address>849 NW State Road 45</address>
        <city>Newberry</city>
        <state>Florida</state>
        <country>United States</country>
        <zip_code>32669</zip_code>
        <contact_information>Bruno Clavier 352-472-5500 bruno.clavier@timcoengr.com</contact_information>
    </Row>
    <Row>
        <tcb_name>Timco Engineering, Inc.</tcb_name>
        <tcb_login>US0111</tcb_login>
        <approved_scope>B3</approved_scope>
        <address>849 NW State Road 45</address>
        <city>Newberry</city>
        <state>Florida</state>
        <country>United States</country>
        <zip_code>32669</zip_code>
        <contact_information>Bruno Clavier 352-472-5500 bruno.clavier@timcoengr.com</contact_information>
    </Row>
    <Row>
        <tcb_name>Timco Engineering, Inc.</tcb_name>
        <tcb_login>US0111</tcb_login>
        <approved_scope>B4</approved_scope>
        <address>849 NW State Road 45</address>
        <city>Newberry</city>
        <state>Florida</state>
        <country>United States</country>
        <zip_code>32669</zip_code>
        <contact_information>Bruno Clavier 352-472-5500 bruno.clavier@timcoengr.com</contact_information>
    </Row>
    <Row>
        <tcb_name>UL Japan, Inc.</tcb_name>
        <tcb_login>JP0001</tcb_login>
        <approved_scope>A1</approved_scope>
        <address>4383-326 Asama-cho</address>
        <city>Ise-shi Mie</city>
        <state>N/A</state>
        <country>Japan</country>
        <zip_code>5160021</zip_code>
        <contact_information>Tetsuya Hashimoto 81-596-24-8999 emc.jp@ul.com</contact_information>
    </Row>
    <Row>
        <tcb_name>UL Japan, Inc.</tcb_name>
        <tcb_login>JP0001</tcb_login>
        <approved_scope>A2</approved_scope>
        <address>4383-326 Asama-cho</address>
        <city>Ise-shi Mie</city>
        <state>N/A</state>
        <country>Japan</country>
        <zip_code>5160021</zip_code>
        <contact_information>Tetsuya Hashimoto 81-596-24-8999 emc.jp@ul.com</contact_information>
    </Row>
    <Row>
        <tcb_name>UL Japan, Inc.</tcb_name>
        <tcb_login>JP0001</tcb_login>
        <approved_scope>A4</approved_scope>
        <address>4383-326 Asama-cho</address>
        <city>Ise-shi Mie</city>
        <state>N/A</state>
        <country>Japan</country>
        <zip_code>5160021</zip_code>
        <contact_information>Tetsuya Hashimoto 81-596-24-8999 emc.jp@ul.com</contact_information>
    </Row>
    <Row>
        <tcb_name>UL VS Ltd</tcb_name>
        <tcb_login>UK0003</tcb_login>
        <approved_scope>A1</approved_scope>
        <address>Pavilion A       Ashwood Park, Ashwood Way</address>
        <city>Basingstoke</city>
        <state>N/A</state>
        <country>United Kingdom</country>
        <zip_code>RG23 8BG</zip_code>
        <contact_information>Alan Binks 44-1256-312000 alan.binks@ul.com</contact_information>
    </Row>
    <Row>
        <tcb_name>UL VS Ltd</tcb_name>
        <tcb_login>UK0003</tcb_login>
        <approved_scope>A2</approved_scope>
        <address>Pavilion A       Ashwood Park, Ashwood Way</address>
        <city>Basingstoke</city>
        <state>N/A</state>
        <country>United Kingdom</country>
        <zip_code>RG23 8BG</zip_code>
        <contact_information>Alan Binks 44-1256-312000 alan.binks@ul.com</contact_information>
    </Row>
    <Row>
        <tcb_name>UL VS Ltd</tcb_name>
        <tcb_login>UK0003</tcb_login>
        <approved_scope>A3</approved_scope>
        <address>Pavilion A       Ashwood Park, Ashwood Way</address>
        <city>Basingstoke</city>
        <state>N/A</state>
        <country>United Kingdom</country>
        <zip_code>RG23 8BG</zip_code>
        <contact_information>Alan Binks 44-1256-312000 alan.binks@ul.com</contact_information>
    </Row>
    <Row>
        <tcb_name>UL VS Ltd</tcb_name>
        <tcb_login>UK0003</tcb_login>
        <approved_scope>A4</approved_scope>
        <address>Pavilion A       Ashwood Park, Ashwood Way</address>
        <city>Basingstoke</city>
        <state>N/A</state>
        <country>United Kingdom</country>
        <zip_code>RG23 8BG</zip_code>
        <contact_information>Alan Binks 44-1256-312000 alan.binks@ul.com</contact_information>
    </Row>
    <Row>
        <tcb_name>UL VS Ltd</tcb_name>
        <tcb_login>UK0003</tcb_login>
        <approved_scope>B1</approved_scope>
        <address>Pavilion A       Ashwood Park, Ashwood Way</address>
        <city>Basingstoke</city>
        <state>N/A</state>
        <country>United Kingdom</country>
        <zip_code>RG23 8BG</zip_code>
        <contact_information>Alan Binks 44-1256-312000 alan.binks@ul.com</contact_information>
    </Row>
    <Row>
        <tcb_name>UL VS Ltd</tcb_name>
        <tcb_login>UK0003</tcb_login>
        <approved_scope>B2</approved_scope>
        <address>Pavilion A       Ashwood Park, Ashwood Way</address>
        <city>Basingstoke</city>
        <state>N/A</state>
        <country>United Kingdom</country>
        <zip_code>RG23 8BG</zip_code>
        <contact_information>Alan Binks 44-1256-312000 alan.binks@ul.com</contact_information>
    </Row>
    <Row>
        <tcb_name>UL VS Ltd</tcb_name>
        <tcb_login>UK0003</tcb_login>
        <approved_scope>B4</approved_scope>
        <address>Pavilion A       Ashwood Park, Ashwood Way</address>
        <city>Basingstoke</city>
        <state>N/A</state>
        <country>United Kingdom</country>
        <zip_code>RG23 8BG</zip_code>
        <contact_information>Alan Binks 44-1256-312000 alan.binks@ul.com</contact_information>
    </Row>
    <Row>
        <tcb_name>UL Verification Services Inc. (formerly UL CCS)</tcb_name>
        <tcb_login>US0104</tcb_login>
        <approved_scope>A1</approved_scope>
        <address>47173 Benicia Street</address>
        <city>Fremont</city>
        <state>California</state>
        <country>United States</country>
        <zip_code>94538</zip_code>
        <contact_information>Matt Marotto 360-817-5531 LST.FRE.CertNotice@ul.com</contact_information>
    </Row>
    <Row>
        <tcb_name>UL Verification Services Inc. (formerly UL CCS)</tcb_name>
        <tcb_login>US0104</tcb_login>
        <approved_scope>A2</approved_scope>
        <address>47173 Benicia Street</address>
        <city>Fremont</city>
        <state>California</state>
        <country>United States</country>
        <zip_code>94538</zip_code>
        <contact_information>Matt Marotto 360-817-5531 LST.FRE.CertNotice@ul.com</contact_information>
    </Row>
    <Row>
        <tcb_name>UL Verification Services Inc. (formerly UL CCS)</tcb_name>
        <tcb_login>US0104</tcb_login>
        <approved_scope>A3</approved_scope>
        <address>47173 Benicia Street</address>
        <city>Fremont</city>
        <state>California</state>
        <country>United States</country>
        <zip_code>94538</zip_code>
        <contact_information>Matt Marotto 360-817-5531 LST.FRE.CertNotice@ul.com</contact_information>
    </Row>
    <Row>
        <tcb_name>UL Verification Services Inc. (formerly UL CCS)</tcb_name>
        <tcb_login>US0104</tcb_login>
        <approved_scope>A4</approved_scope>
        <address>47173 Benicia Street</address>
        <city>Fremont</city>
        <state>California</state>
        <country>United States</country>
        <zip_code>94538</zip_code>
        <contact_information>Matt Marotto 360-817-5531 LST.FRE.CertNotice@ul.com</contact_information>
    </Row>
    <Row>
        <tcb_name>UL Verification Services Inc. (formerly UL CCS)</tcb_name>
        <tcb_login>US0104</tcb_login>
        <approved_scope>B1</approved_scope>
        <address>47173 Benicia Street</address>
        <city>Fremont</city>
        <state>California</state>
        <country>United States</country>
        <zip_code>94538</zip_code>
        <contact_information>Matt Marotto 360-817-5531 LST.FRE.CertNotice@ul.com</contact_information>
    </Row>
    <Row>
        <tcb_name>UL Verification Services Inc. (formerly UL CCS)</tcb_name>
        <tcb_login>US0104</tcb_login>
        <approved_scope>B2</approved_scope>
        <address>47173 Benicia Street</address>
        <city>Fremont</city>
        <state>California</state>
        <country>United States</country>
        <zip_code>94538</zip_code>
        <contact_information>Matt Marotto 360-817-5531 LST.FRE.CertNotice@ul.com</contact_information>
    </Row>
    <Row>
        <tcb_name>UL Verification Services Inc. (formerly UL CCS)</tcb_name>
        <tcb_login>US0104</tcb_login>
        <approved_scope>B3</approved_scope>
        <address>47173 Benicia Street</address>
        <city>Fremont</city>
        <state>California</state>
        <country>United States</country>
        <zip_code>94538</zip_code>
        <contact_information>Matt Marotto 360-817-5531 LST.FRE.CertNotice@ul.com</contact_information>
    </Row>
    <Row>
        <tcb_name>UL Verification Services Inc. (formerly UL CCS)</tcb_name>
        <tcb_login>US0104</tcb_login>
        <approved_scope>B4</approved_scope>
        <address>47173 Benicia Street</address>
        <city>Fremont</city>
        <state>California</state>
        <country>United States</country>
        <zip_code>94538</zip_code>
        <contact_information>Matt Marotto 360-817-5531 LST.FRE.CertNotice@ul.com</contact_information>
    </Row>
    <Row>
        <tcb_name>Ultratech Engineering Labs Inc.</tcb_name>
        <tcb_login>CA2049</tcb_login>
        <approved_scope>A1</approved_scope>
        <address>3000 Bristol Circle</address>
        <city>Oakville Ontario</city>
        <state>N/A</state>
        <country>Canada</country>
        <zip_code>L6H 6G4</zip_code>
        <contact_information>Tri Luu 905-829-1570 tri@ultratech-labs.com</contact_information>
    </Row>
    <Row>
        <tcb_name>Ultratech Engineering Labs Inc.</tcb_name>
        <tcb_login>CA2049</tcb_login>
        <approved_scope>A2</approved_scope>
        <address>3000 Bristol Circle</address>
        <city>Oakville Ontario</city>
        <state>N/A</state>
        <country>Canada</country>
        <zip_code>L6H 6G4</zip_code>
        <contact_information>Tri Luu 905-829-1570 tri@ultratech-labs.com</contact_information>
    </Row>
    <Row>
        <tcb_name>Ultratech Engineering Labs Inc.</tcb_name>
        <tcb_login>CA2049</tcb_login>
        <approved_scope>A3</approved_scope>
        <address>3000 Bristol Circle</address>
        <city>Oakville Ontario</city>
        <state>N/A</state>
        <country>Canada</country>
        <zip_code>L6H 6G4</zip_code>
        <contact_information>Tri Luu 905-829-1570 tri@ultratech-labs.com</contact_information>
    </Row>
    <Row>
        <tcb_name>Ultratech Engineering Labs Inc.</tcb_name>
        <tcb_login>CA2049</tcb_login>
        <approved_scope>A4</approved_scope>
        <address>3000 Bristol Circle</address>
        <city>Oakville Ontario</city>
        <state>N/A</state>
        <country>Canada</country>
        <zip_code>L6H 6G4</zip_code>
        <contact_information>Tri Luu 905-829-1570 tri@ultratech-labs.com</contact_information>
    </Row>
    <Row>
        <tcb_name>Ultratech Engineering Labs Inc.</tcb_name>
        <tcb_login>CA2049</tcb_login>
        <approved_scope>B1</approved_scope>
        <address>3000 Bristol Circle</address>
        <city>Oakville Ontario</city>
        <state>N/A</state>
        <country>Canada</country>
        <zip_code>L6H 6G4</zip_code>
        <contact_information>Tri Luu 905-829-1570 tri@ultratech-labs.com</contact_information>
    </Row>
    <Row>
        <tcb_name>Ultratech Engineering Labs Inc.</tcb_name>
        <tcb_login>CA2049</tcb_login>
        <approved_scope>B2</approved_scope>
        <address>3000 Bristol Circle</address>
        <city>Oakville Ontario</city>
        <state>N/A</state>
        <country>Canada</country>
        <zip_code>L6H 6G4</zip_code>
        <contact_information>Tri Luu 905-829-1570 tri@ultratech-labs.com</contact_information>
    </Row>
    <Row>
        <tcb_name>Ultratech Engineering Labs Inc.</tcb_name>
        <tcb_login>CA2049</tcb_login>
        <approved_scope>B3</approved_scope>
        <address>3000 Bristol Circle</address>
        <city>Oakville Ontario</city>
        <state>N/A</state>
        <country>Canada</country>
        <zip_code>L6H 6G4</zip_code>
        <contact_information>Tri Luu 905-829-1570 tri@ultratech-labs.com</contact_information>
    </Row>
    <Row>
        <tcb_name>Ultratech Engineering Labs Inc.</tcb_name>
        <tcb_login>CA2049</tcb_login>
        <approved_scope>B4</approved_scope>
        <address>3000 Bristol Circle</address>
        <city>Oakville Ontario</city>
        <state>N/A</state>
        <country>Canada</country>
        <zip_code>L6H 6G4</zip_code>
        <contact_information>Tri Luu 905-829-1570 tri@ultratech-labs.com</contact_information>
    </Row>
    <Row>
        <tcb_name>Vista Laboratories, Inc.</tcb_name>
        <tcb_login>US0202</tcb_login>
        <approved_scope>A1</approved_scope>
        <address>1261 Puerta Del Sol</address>
        <city>San Clemente</city>
        <state>California</state>
        <country>United States</country>
        <zip_code>92673</zip_code>
        <contact_information>Yuna Yin (949) 393-1123 CB@vista-compliance.com</contact_information>
    </Row>
    <Row>
        <tcb_name>Vista Laboratories, Inc.</tcb_name>
        <tcb_login>US0202</tcb_login>
        <approved_scope>A2</approved_scope>
        <address>1261 Puerta Del Sol</address>
        <city>San Clemente</city>
        <state>California</state>
        <country>United States</country>
        <zip_code>92673</zip_code>
        <contact_information>Yuna Yin (949) 393-1123 CB@vista-compliance.com</contact_information>
    </Row>
    <Row>
        <tcb_name>Vista Laboratories, Inc.</tcb_name>
        <tcb_login>US0202</tcb_login>
        <approved_scope>A3</approved_scope>
        <address>1261 Puerta Del Sol</address>
        <city>San Clemente</city>
        <state>California</state>
        <country>United States</country>
        <zip_code>92673</zip_code>
        <contact_information>Yuna Yin (949) 393-1123 CB@vista-compliance.com</contact_information>
    </Row>
    <Row>
        <tcb_name>Vista Laboratories, Inc.</tcb_name>
        <tcb_login>US0202</tcb_login>
        <approved_scope>A4</approved_scope>
        <address>1261 Puerta Del Sol</address>
        <city>San Clemente</city>
        <state>California</state>
        <country>United States</country>
        <zip_code>92673</zip_code>
        <contact_information>Yuna Yin (949) 393-1123 CB@vista-compliance.com</contact_information>
    </Row>
    <Row>
        <tcb_name>Vista Laboratories, Inc.</tcb_name>
        <tcb_login>US0202</tcb_login>
        <approved_scope>B1</approved_scope>
        <address>1261 Puerta Del Sol</address>
        <city>San Clemente</city>
        <state>California</state>
        <country>United States</country>
        <zip_code>92673</zip_code>
        <contact_information>Yuna Yin (949) 393-1123 CB@vista-compliance.com</contact_information>
    </Row>
    <Row>
        <tcb_name>Vista Laboratories, Inc.</tcb_name>
        <tcb_login>US0202</tcb_login>
        <approved_scope>B2</approved_scope>
        <address>1261 Puerta Del Sol</address>
        <city>San Clemente</city>
        <state>California</state>
        <country>United States</country>
        <zip_code>92673</zip_code>
        <contact_information>Yuna Yin (949) 393-1123 CB@vista-compliance.com</contact_information>
    </Row>
    <Row>
        <tcb_name>Vista Laboratories, Inc.</tcb_name>
        <tcb_login>US0202</tcb_login>
        <approved_scope>B3</approved_scope>
        <address>1261 Puerta Del Sol</address>
        <city>San Clemente</city>
        <state>California</state>
        <country>United States</country>
        <zip_code>92673</zip_code>
        <contact_information>Yuna Yin (949) 393-1123 CB@vista-compliance.com</contact_information>
    </Row>
    <Row>
        <tcb_name>Vista Laboratories, Inc.</tcb_name>
        <tcb_login>US0202</tcb_login>
        <approved_scope>B4</approved_scope>
        <address>1261 Puerta Del Sol</address>
        <city>San Clemente</city>
        <state>California</state>
        <country>United States</country>
        <zip_code>92673</zip_code>
        <contact_information>Yuna Yin (949) 393-1123 CB@vista-compliance.com</contact_information>
    </Row>
</Results>
